Component: ARM Compiler 5.06 update 6 (build 750) Tool: armlink [4d35ed]

==============================================================================

Section Cross References

    main.o(.text) refers to usbepfunc.o(.text) for USB_EPnINFunction
    main.o(.text) refers to utility.o(.text) for UT_MAIN_DelayNms
    main.o(.text) refers to system_sn32f240b.o(.text) for SystemInit
    main.o(.text) refers to usbhw.o(.text) for USB_Init
    main.o(.text) refers to main.o(.data) for keyboardhid_report
    main.o(.text) refers to usbram.o(.bss) for sUSB_EumeData
    main.o(.text) refers to usbram.o(.data) for bNDT_Flag
    usbhw.o(.text) refers to usbuser.o(.text) for USB_StandardVar_Init
    usbhw.o(.text) refers to hiduser.o(.text) for USB_HidVar_Init
    usbhw.o(.text) refers to system_sn32f240b.o(.text) for SystemInit
    usbhw.o(.text) refers to utility.o(.text) for UT_MAIN_DelayNms
    usbhw.o(.text) refers to usbram.o(.bss) for wUSB_EPnOffset
    usbhw.o(.text) refers to usbram.o(.data) for bNDT_Flag
    usbuser.o(.text) refers to usbhw.o(.text) for USB_EPnStall
    usbuser.o(.text) refers to usbram.o(.bss) for sUSB_EumeData
    usbuser.o(.text) refers to usbram.o(.data) for wUSB_EndpHalt
    usbuser.o(.text) refers to usbdesc.o(.constdata) for DesInfo
    usbuser.o(.text) refers to usbuser.o(i.__ARM_common_switch8) for __ARM_common_switch8
    usbuser.o(.text) refers to hiduser.o(.text) for USB_HIDRequest
    usbuser.o(.text) refers to usbuser.o(.emb_text) for Goto_Bootloader
    usbuser.o(.text) refers to hidram.o(.bss) for sHID_Data
    usbepfunc.o(.text) refers to usbhw.o(.text) for fnUSBMAIN_WriteFIFO
    usbepfunc.o(.text) refers to usbram.o(.data) for wUSB_EndpHalt
    usbepfunc.o(.text) refers to usbram.o(.bss) for wUSB_EPnPacketsize
    hiduser.o(.text) refers to usbhw.o(.text) for USB_EPnAck
    hiduser.o(.text) refers to usbuser.o(i.__ARM_common_switch8) for __ARM_common_switch8
    hiduser.o(.text) refers to usbram.o(.bss) for sUSB_EumeData
    hiduser.o(.text) refers to hidram.o(.bss) for sHID_Data
    hiduser.o(.text) refers to usbram.o(.data) for wUSB_TableLength
    startup_sn32f240b.o(STACK) refers (Special) to heapauxi.o(.text) for __use_two_region_memory
    startup_sn32f240b.o(HEAP) refers (Special) to heapauxi.o(.text) for __use_two_region_memory
    startup_sn32f240b.o(RESET) refers (Special) to heapauxi.o(.text) for __use_two_region_memory
    startup_sn32f240b.o(RESET) refers to startup_sn32f240b.o(STACK) for __initial_sp
    startup_sn32f240b.o(RESET) refers to startup_sn32f240b.o(.text) for Reset_Handler
    startup_sn32f240b.o(RESET) refers to main.o(.text) for HardFault_Handler
    startup_sn32f240b.o(RESET) refers to usbhw.o(.text) for USB_IRQHandler
    startup_sn32f240b.o(.ARM.__at_0x00007FFC) refers (Special) to heapauxi.o(.text) for __use_two_region_memory
    startup_sn32f240b.o(.ARM.__at_0x00008000) refers (Special) to heapauxi.o(.text) for __use_two_region_memory
    startup_sn32f240b.o(.ARM.__at_0x0000FFFC) refers (Special) to heapauxi.o(.text) for __use_two_region_memory
    startup_sn32f240b.o(.text) refers (Special) to heapauxi.o(.text) for __use_two_region_memory
    startup_sn32f240b.o(.text) refers to __main.o(!!!main) for __main
    startup_sn32f240b.o(.text) refers to startup_sn32f240b.o(HEAP) for Heap_Mem
    startup_sn32f240b.o(.text) refers to startup_sn32f240b.o(STACK) for Stack_Mem
    system_sn32f240b.o(.text) refers to usbuser.o(i.__ARM_common_switch8) for __ARM_common_switch8
    system_sn32f240b.o(.text) refers to aeabi_sdiv.o(.text) for __aeabi_uidivmod
    system_sn32f240b.o(.text) refers to system_sn32f240b.o(.data) for SystemCoreClock
    __main.o(!!!main) refers to __rtentry.o(.ARM.Collect$$rtentry$$00000000) for __rt_entry
    __rtentry.o(.ARM.Collect$$rtentry$$00000000) refers (Special) to __rtentry2.o(.ARM.Collect$$rtentry$$0000000A) for __rt_entry_li
    __rtentry.o(.ARM.Collect$$rtentry$$00000000) refers (Special) to __rtentry2.o(.ARM.Collect$$rtentry$$0000000D) for __rt_entry_main
    __rtentry.o(.ARM.Collect$$rtentry$$00000000) refers (Special) to __rtentry2.o(.ARM.Collect$$rtentry$$0000000C) for __rt_entry_postli_1
    __rtentry.o(.ARM.Collect$$rtentry$$00000000) refers (Special) to __rtentry2.o(.ARM.Collect$$rtentry$$00000009) for __rt_entry_postsh_1
    __rtentry.o(.ARM.Collect$$rtentry$$00000000) refers (Special) to __rtentry2.o(.ARM.Collect$$rtentry$$00000002) for __rt_entry_presh_1
    __rtentry.o(.ARM.Collect$$rtentry$$00000000) refers (Special) to __rtentry4.o(.ARM.Collect$$rtentry$$00000004) for __rt_entry_sh
    aeabi_idiv0_sigfpe.o(.text) refers to rt_div0.o(.text) for __rt_div0
    __rtentry2.o(.ARM.Collect$$rtentry$$00000008) refers to boardinit2.o(.text) for _platform_post_stackheap_init
    __rtentry2.o(.ARM.Collect$$rtentry$$0000000A) refers to libinit.o(.ARM.Collect$$libinit$$00000000) for __rt_lib_init
    __rtentry2.o(.ARM.Collect$$rtentry$$0000000B) refers to boardinit3.o(.text) for _platform_post_lib_init
    __rtentry2.o(.ARM.Collect$$rtentry$$0000000D) refers to main.o(.text) for main
    __rtentry2.o(.ARM.Collect$$rtentry$$0000000D) refers to exit.o(.text) for exit
    __rtentry2.o(.ARM.exidx) refers to __rtentry2.o(.ARM.Collect$$rtentry$$00000001) for .ARM.Collect$$rtentry$$00000001
    __rtentry2.o(.ARM.exidx) refers to __rtentry2.o(.ARM.Collect$$rtentry$$00000008) for .ARM.Collect$$rtentry$$00000008
    __rtentry2.o(.ARM.exidx) refers to __rtentry2.o(.ARM.Collect$$rtentry$$0000000A) for .ARM.Collect$$rtentry$$0000000A
    __rtentry2.o(.ARM.exidx) refers to __rtentry2.o(.ARM.Collect$$rtentry$$0000000B) for .ARM.Collect$$rtentry$$0000000B
    __rtentry2.o(.ARM.exidx) refers to __rtentry2.o(.ARM.Collect$$rtentry$$0000000D) for .ARM.Collect$$rtentry$$0000000D
    __rtentry4.o(.ARM.Collect$$rtentry$$00000004) refers to sys_stackheap_outer.o(.text) for __user_setup_stackheap
    __rtentry4.o(.ARM.exidx) refers to __rtentry4.o(.ARM.Collect$$rtentry$$00000004) for .ARM.Collect$$rtentry$$00000004
    rt_div0.o(.text) refers to defsig_fpe_outer.o(.text) for __rt_SIGFPE
    sys_stackheap_outer.o(.text) refers to libspace.o(.text) for __user_perproc_libspace
    sys_stackheap_outer.o(.text) refers to startup_sn32f240b.o(.text) for __user_initial_stackheap
    sys_stackheap_outer.o(__vectab_stack_and_reset_area) refers to tempstk.o(.text) for __temporary_stack_top
    sys_stackheap_outer.o(__vectab_stack_and_reset_area) refers to __main.o(!!!main) for __main
    exit.o(.text) refers to rtexit.o(.ARM.Collect$$rtexit$$00000000) for __rt_exit
    defsig_fpe_outer.o(.text) refers to defsig_fpe_inner.o(.text) for __rt_SIGFPE_inner
    defsig_fpe_outer.o(.text) refers to defsig_exit.o(.text) for __sig_exit
    defsig_fpe_formal.o(.text) refers to rt_raise.o(.text) for __rt_raise
    libinit.o(.ARM.Collect$$libinit$$00000000) refers (Special) to libinit2.o(.ARM.Collect$$libinit$$0000002E) for __rt_lib_init_alloca_1
    libinit.o(.ARM.Collect$$libinit$$00000000) refers (Special) to libinit2.o(.ARM.Collect$$libinit$$0000002C) for __rt_lib_init_argv_1
    libinit.o(.ARM.Collect$$libinit$$00000000) refers (Special) to libinit2.o(.ARM.Collect$$libinit$$0000001B) for __rt_lib_init_atexit_1
    libinit.o(.ARM.Collect$$libinit$$00000000) refers (Special) to libinit2.o(.ARM.Collect$$libinit$$00000021) for __rt_lib_init_clock_1
    libinit.o(.ARM.Collect$$libinit$$00000000) refers (Special) to libinit2.o(.ARM.Collect$$libinit$$00000032) for __rt_lib_init_cpp_1
    libinit.o(.ARM.Collect$$libinit$$00000000) refers (Special) to libinit2.o(.ARM.Collect$$libinit$$00000030) for __rt_lib_init_exceptions_1
    libinit.o(.ARM.Collect$$libinit$$00000000) refers (Special) to libinit2.o(.ARM.Collect$$libinit$$00000002) for __rt_lib_init_fp_1
    libinit.o(.ARM.Collect$$libinit$$00000000) refers (Special) to libinit2.o(.ARM.Collect$$libinit$$0000001F) for __rt_lib_init_fp_trap_1
    libinit.o(.ARM.Collect$$libinit$$00000000) refers (Special) to libinit2.o(.ARM.Collect$$libinit$$00000023) for __rt_lib_init_getenv_1
    libinit.o(.ARM.Collect$$libinit$$00000000) refers (Special) to libinit2.o(.ARM.Collect$$libinit$$0000000A) for __rt_lib_init_heap_1
    libinit.o(.ARM.Collect$$libinit$$00000000) refers (Special) to libinit2.o(.ARM.Collect$$libinit$$00000011) for __rt_lib_init_lc_collate_1
    libinit.o(.ARM.Collect$$libinit$$00000000) refers (Special) to libinit2.o(.ARM.Collect$$libinit$$00000013) for __rt_lib_init_lc_ctype_1
    libinit.o(.ARM.Collect$$libinit$$00000000) refers (Special) to libinit2.o(.ARM.Collect$$libinit$$00000015) for __rt_lib_init_lc_monetary_1
    libinit.o(.ARM.Collect$$libinit$$00000000) refers (Special) to libinit2.o(.ARM.Collect$$libinit$$00000017) for __rt_lib_init_lc_numeric_1
    libinit.o(.ARM.Collect$$libinit$$00000000) refers (Special) to libinit2.o(.ARM.Collect$$libinit$$00000019) for __rt_lib_init_lc_time_1
    libinit.o(.ARM.Collect$$libinit$$00000000) refers (Special) to libinit2.o(.ARM.Collect$$libinit$$00000004) for __rt_lib_init_preinit_1
    libinit.o(.ARM.Collect$$libinit$$00000000) refers (Special) to libinit2.o(.ARM.Collect$$libinit$$0000000E) for __rt_lib_init_rand_1
    libinit.o(.ARM.Collect$$libinit$$00000000) refers (Special) to libinit2.o(.ARM.Collect$$libinit$$00000033) for __rt_lib_init_return
    libinit.o(.ARM.Collect$$libinit$$00000000) refers (Special) to libinit2.o(.ARM.Collect$$libinit$$0000001D) for __rt_lib_init_signal_1
    libinit.o(.ARM.Collect$$libinit$$00000000) refers (Special) to libinit2.o(.ARM.Collect$$libinit$$00000025) for __rt_lib_init_stdio_1
    libinit.o(.ARM.Collect$$libinit$$00000000) refers (Special) to libinit2.o(.ARM.Collect$$libinit$$0000000C) for __rt_lib_init_user_alloc_1
    libspace.o(.text) refers to libspace.o(.bss) for __libspace_start
    rtexit.o(.ARM.Collect$$rtexit$$00000000) refers (Special) to rtexit2.o(.ARM.Collect$$rtexit$$00000004) for __rt_exit_exit
    rtexit.o(.ARM.Collect$$rtexit$$00000000) refers (Special) to rtexit2.o(.ARM.Collect$$rtexit$$00000003) for __rt_exit_ls
    rtexit.o(.ARM.Collect$$rtexit$$00000000) refers (Special) to rtexit2.o(.ARM.Collect$$rtexit$$00000002) for __rt_exit_prels_1
    rtexit.o(.ARM.exidx) refers (Special) to rtexit2.o(.ARM.Collect$$rtexit$$00000004) for __rt_exit_exit
    rtexit.o(.ARM.exidx) refers (Special) to rtexit2.o(.ARM.Collect$$rtexit$$00000003) for __rt_exit_ls
    rtexit.o(.ARM.exidx) refers (Special) to rtexit2.o(.ARM.Collect$$rtexit$$00000002) for __rt_exit_prels_1
    rtexit.o(.ARM.exidx) refers to rtexit.o(.ARM.Collect$$rtexit$$00000000) for .ARM.Collect$$rtexit$$00000000
    rt_raise.o(.text) refers to __raise.o(.text) for __raise
    rt_raise.o(.text) refers to sys_exit.o(.text) for _sys_exit
    defsig_exit.o(.text) refers to sys_exit.o(.text) for _sys_exit
    defsig_fpe_inner.o(.text) refers to defsig_general.o(.text) for __default_signal_display
    libinit2.o(.ARM.Collect$$libinit$$00000010) refers to libinit2.o(.ARM.Collect$$libinit$$0000000F) for .ARM.Collect$$libinit$$0000000F
    libinit2.o(.ARM.Collect$$libinit$$00000012) refers to libinit2.o(.ARM.Collect$$libinit$$0000000F) for .ARM.Collect$$libinit$$0000000F
    libinit2.o(.ARM.Collect$$libinit$$00000014) refers to libinit2.o(.ARM.Collect$$libinit$$0000000F) for .ARM.Collect$$libinit$$0000000F
    libinit2.o(.ARM.Collect$$libinit$$00000016) refers to libinit2.o(.ARM.Collect$$libinit$$0000000F) for .ARM.Collect$$libinit$$0000000F
    libinit2.o(.ARM.Collect$$libinit$$00000018) refers to libinit2.o(.ARM.Collect$$libinit$$0000000F) for .ARM.Collect$$libinit$$0000000F
    libinit2.o(.ARM.Collect$$libinit$$00000026) refers to argv_veneer.o(.text) for __ARM_argv_veneer
    libinit2.o(.ARM.Collect$$libinit$$00000027) refers to argv_veneer.o(.text) for __ARM_argv_veneer
    sys_exit.o(.text) refers (Special) to use_no_semi.o(.text) for __I$use$semihosting
    sys_exit.o(.text) refers (Special) to indicate_semi.o(.text) for __semihosting_library_function
    rtexit2.o(.ARM.Collect$$rtexit$$00000003) refers to libshutdown.o(.ARM.Collect$$libshutdown$$00000000) for __rt_lib_shutdown
    rtexit2.o(.ARM.Collect$$rtexit$$00000004) refers to sys_exit.o(.text) for _sys_exit
    rtexit2.o(.ARM.exidx) refers to rtexit2.o(.ARM.Collect$$rtexit$$00000001) for .ARM.Collect$$rtexit$$00000001
    rtexit2.o(.ARM.exidx) refers to rtexit2.o(.ARM.Collect$$rtexit$$00000003) for .ARM.Collect$$rtexit$$00000003
    rtexit2.o(.ARM.exidx) refers to rtexit2.o(.ARM.Collect$$rtexit$$00000004) for .ARM.Collect$$rtexit$$00000004
    __raise.o(.text) refers to defsig.o(CL$$defsig) for __default_signal_handler
    defsig_general.o(.text) refers to sys_wrch.o(.text) for _ttywrch
    sys_wrch.o(.text) refers (Special) to use_no_semi.o(.text) for __I$use$semihosting
    sys_wrch.o(.text) refers (Special) to indicate_semi.o(.text) for __semihosting_library_function
    defsig.o(CL$$defsig) refers to defsig_fpe_inner.o(.text) for __rt_SIGFPE_inner
    defsig.o(CL$$defsig) refers to defsig_rtmem_inner.o(.text) for __rt_SIGRTMEM_inner
    _get_argv_nomalloc.o(.text) refers (Special) to hrguard.o(.text) for __heap_region$guard
    _get_argv_nomalloc.o(.text) refers to defsig_rtmem_outer.o(.text) for __rt_SIGRTMEM
    _get_argv_nomalloc.o(.text) refers to sys_command.o(.text) for _sys_command_string
    libshutdown.o(.ARM.Collect$$libshutdown$$00000000) refers (Special) to libshutdown2.o(.ARM.Collect$$libshutdown$$00000002) for __rt_lib_shutdown_cpp_1
    libshutdown.o(.ARM.Collect$$libshutdown$$00000000) refers (Special) to libshutdown2.o(.ARM.Collect$$libshutdown$$00000007) for __rt_lib_shutdown_fp_trap_1
    libshutdown.o(.ARM.Collect$$libshutdown$$00000000) refers (Special) to libshutdown2.o(.ARM.Collect$$libshutdown$$0000000F) for __rt_lib_shutdown_heap_1
    libshutdown.o(.ARM.Collect$$libshutdown$$00000000) refers (Special) to libshutdown2.o(.ARM.Collect$$libshutdown$$00000010) for __rt_lib_shutdown_return
    libshutdown.o(.ARM.Collect$$libshutdown$$00000000) refers (Special) to libshutdown2.o(.ARM.Collect$$libshutdown$$0000000A) for __rt_lib_shutdown_signal_1
    libshutdown.o(.ARM.Collect$$libshutdown$$00000000) refers (Special) to libshutdown2.o(.ARM.Collect$$libshutdown$$00000004) for __rt_lib_shutdown_stdio_1
    libshutdown.o(.ARM.Collect$$libshutdown$$00000000) refers (Special) to libshutdown2.o(.ARM.Collect$$libshutdown$$0000000C) for __rt_lib_shutdown_user_alloc_1
    sys_command.o(.text) refers (Special) to use_no_semi.o(.text) for __I$use$semihosting
    sys_command.o(.text) refers (Special) to indicate_semi.o(.text) for __semihosting_library_function
    defsig_abrt_inner.o(.text) refers to defsig_general.o(.text) for __default_signal_display
    defsig_rtred_inner.o(.text) refers to defsig_general.o(.text) for __default_signal_display
    defsig_rtmem_inner.o(.text) refers to defsig_general.o(.text) for __default_signal_display
    defsig_rtmem_outer.o(.text) refers to defsig_rtmem_inner.o(.text) for __rt_SIGRTMEM_inner
    defsig_rtmem_outer.o(.text) refers to defsig_exit.o(.text) for __sig_exit
    defsig_rtmem_formal.o(.text) refers to rt_raise.o(.text) for __rt_raise
    defsig_stak_inner.o(.text) refers to defsig_general.o(.text) for __default_signal_display
    defsig_pvfn_inner.o(.text) refers to defsig_general.o(.text) for __default_signal_display
    defsig_cppl_inner.o(.text) refers to defsig_general.o(.text) for __default_signal_display
    defsig_segv_inner.o(.text) refers to defsig_general.o(.text) for __default_signal_display
    defsig_other.o(.text) refers to defsig_general.o(.text) for __default_signal_display


==============================================================================

Removing Unused input sections from the image.

    Removing main.o(.rev16_text), (4 bytes).
    Removing main.o(.revsh_text), (4 bytes).
    Removing utility.o(.rev16_text), (4 bytes).
    Removing utility.o(.revsh_text), (4 bytes).
    Removing usbram.o(.rev16_text), (4 bytes).
    Removing usbram.o(.revsh_text), (4 bytes).
    Removing usbhw.o(.rev16_text), (4 bytes).
    Removing usbhw.o(.revsh_text), (4 bytes).
    Removing usbuser.o(.rev16_text), (4 bytes).
    Removing usbuser.o(.revsh_text), (4 bytes).
    Removing usbepfunc.o(.rev16_text), (4 bytes).
    Removing usbepfunc.o(.revsh_text), (4 bytes).
    Removing hidram.o(.rev16_text), (4 bytes).
    Removing hidram.o(.revsh_text), (4 bytes).
    Removing hiduser.o(.rev16_text), (4 bytes).
    Removing hiduser.o(.revsh_text), (4 bytes).
    Removing system_sn32f240b.o(.rev16_text), (4 bytes).
    Removing system_sn32f240b.o(.revsh_text), (4 bytes).

18 unused section(s) (total 72 bytes) removed from the image.

==============================================================================

Image Symbol Table

    Local Symbols

    Symbol Name                              Value     Ov Type        Size  Object(Section)

    RESET                                    0x00000000   Section      192  startup_sn32f240b.o(RESET)
    ../clib/angel/boardlib.s                 0x00000000   Number         0  boardinit2.o ABSOLUTE
    ../clib/angel/boardlib.s                 0x00000000   Number         0  boardinit3.o ABSOLUTE
    ../clib/angel/boardlib.s                 0x00000000   Number         0  boardshut.o ABSOLUTE
    ../clib/angel/boardlib.s                 0x00000000   Number         0  boardinit1.o ABSOLUTE
    ../clib/angel/handlers.s                 0x00000000   Number         0  __scatter_copy.o ABSOLUTE
    ../clib/angel/handlers.s                 0x00000000   Number         0  __scatter_zi.o ABSOLUTE
    ../clib/angel/kernel.s                   0x00000000   Number         0  rtexit2.o ABSOLUTE
    ../clib/angel/kernel.s                   0x00000000   Number         0  __rtentry.o ABSOLUTE
    ../clib/angel/kernel.s                   0x00000000   Number         0  __rtentry2.o ABSOLUTE
    ../clib/angel/kernel.s                   0x00000000   Number         0  rtexit.o ABSOLUTE
    ../clib/angel/kernel.s                   0x00000000   Number         0  __rtentry4.o ABSOLUTE
    ../clib/angel/rt.s                       0x00000000   Number         0  rt_raise.o ABSOLUTE
    ../clib/angel/rt.s                       0x00000000   Number         0  rt_div0.o ABSOLUTE
    ../clib/angel/rt.s                       0x00000000   Number         0  aeabi_idiv0_sigfpe.o ABSOLUTE
    ../clib/angel/rt.s                       0x00000000   Number         0  aeabi_idiv0.o ABSOLUTE
    ../clib/angel/scatterp.s                 0x00000000   Number         0  __scatter.o ABSOLUTE
    ../clib/angel/startup.s                  0x00000000   Number         0  __main.o ABSOLUTE
    ../clib/angel/sys.s                      0x00000000   Number         0  tempstk.o ABSOLUTE
    ../clib/angel/sys.s                      0x00000000   Number         0  sys_stackheap_outer.o ABSOLUTE
    ../clib/angel/sys.s                      0x00000000   Number         0  indicate_semi.o ABSOLUTE
    ../clib/angel/sys.s                      0x00000000   Number         0  use_no_semi.o ABSOLUTE
    ../clib/angel/sys.s                      0x00000000   Number         0  libspace.o ABSOLUTE
    ../clib/angel/sysapp.c                   0x00000000   Number         0  sys_command.o ABSOLUTE
    ../clib/angel/sysapp.c                   0x00000000   Number         0  sys_wrch.o ABSOLUTE
    ../clib/angel/sysapp.c                   0x00000000   Number         0  sys_exit.o ABSOLUTE
    ../clib/armsys.c                         0x00000000   Number         0  no_argv.o ABSOLUTE
    ../clib/armsys.c                         0x00000000   Number         0  _get_argv_nomalloc.o ABSOLUTE
    ../clib/armsys.c                         0x00000000   Number         0  argv_veneer.o ABSOLUTE
    ../clib/division.s                       0x00000000   Number         0  aeabi_sdiv_div0.o ABSOLUTE
    ../clib/division.s                       0x00000000   Number         0  aeabi_sdiv.o ABSOLUTE
    ../clib/heapalloc.c                      0x00000000   Number         0  hrguard.o ABSOLUTE
    ../clib/heapaux.c                        0x00000000   Number         0  heapauxi.o ABSOLUTE
    ../clib/libinit.s                        0x00000000   Number         0  libinit.o ABSOLUTE
    ../clib/libinit.s                        0x00000000   Number         0  libinit2.o ABSOLUTE
    ../clib/libinit.s                        0x00000000   Number         0  libshutdown2.o ABSOLUTE
    ../clib/libinit.s                        0x00000000   Number         0  libshutdown.o ABSOLUTE
    ../clib/signal.c                         0x00000000   Number         0  defsig_cppl_inner.o ABSOLUTE
    ../clib/signal.c                         0x00000000   Number         0  defsig_pvfn_inner.o ABSOLUTE
    ../clib/signal.c                         0x00000000   Number         0  defsig_stak_inner.o ABSOLUTE
    ../clib/signal.c                         0x00000000   Number         0  defsig_rtmem_outer.o ABSOLUTE
    ../clib/signal.c                         0x00000000   Number         0  defsig_rtred_inner.o ABSOLUTE
    ../clib/signal.c                         0x00000000   Number         0  defsig_abrt_inner.o ABSOLUTE
    ../clib/signal.c                         0x00000000   Number         0  defsig_rtmem_formal.o ABSOLUTE
    ../clib/signal.c                         0x00000000   Number         0  defsig_general.o ABSOLUTE
    ../clib/signal.c                         0x00000000   Number         0  __raise.o ABSOLUTE
    ../clib/signal.c                         0x00000000   Number         0  defsig_fpe_inner.o ABSOLUTE
    ../clib/signal.c                         0x00000000   Number         0  defsig_exit.o ABSOLUTE
    ../clib/signal.c                         0x00000000   Number         0  defsig_rtmem_inner.o ABSOLUTE
    ../clib/signal.c                         0x00000000   Number         0  defsig_other.o ABSOLUTE
    ../clib/signal.c                         0x00000000   Number         0  defsig_fpe_outer.o ABSOLUTE
    ../clib/signal.c                         0x00000000   Number         0  defsig_fpe_formal.o ABSOLUTE
    ../clib/signal.c                         0x00000000   Number         0  defsig_segv_inner.o ABSOLUTE
    ../clib/signal.s                         0x00000000   Number         0  defsig.o ABSOLUTE
    ../clib/stdlib.c                         0x00000000   Number         0  exit.o ABSOLUTE
    ../fplib/cfplib/fpinit.c                 0x00000000   Number         0  fpinit.o ABSOLUTE
    RTE\Device\SN32F248BF\startup_SN32F240B.s 0x00000000   Number         0  startup_sn32f240b.o ABSOLUTE
    RTE\Device\SN32F248BF\system_SN32F240B.c 0x00000000   Number         0  system_sn32f240b.o ABSOLUTE
    RTE\\Device\\SN32F248BF\\system_SN32F240B.c 0x00000000   Number         0  system_sn32f240b.o ABSOLUTE
    UsbHid\\hidram.c                         0x00000000   Number         0  hidram.o ABSOLUTE
    UsbHid\\hiduser.c                        0x00000000   Number         0  hiduser.o ABSOLUTE
    UsbHid\hidram.c                          0x00000000   Number         0  hidram.o ABSOLUTE
    UsbHid\hiduser.c                         0x00000000   Number         0  hiduser.o ABSOLUTE
    Usb\\usbepfunc.c                         0x00000000   Number         0  usbepfunc.o ABSOLUTE
    Usb\\usbhw.c                             0x00000000   Number         0  usbhw.o ABSOLUTE
    Usb\\usbram.c                            0x00000000   Number         0  usbram.o ABSOLUTE
    Usb\\usbuser.c                           0x00000000   Number         0  usbuser.o ABSOLUTE
    Usb\usbdesc.c                            0x00000000   Number         0  usbdesc.o ABSOLUTE
    Usb\usbepfunc.c                          0x00000000   Number         0  usbepfunc.o ABSOLUTE
    Usb\usbhw.c                              0x00000000   Number         0  usbhw.o ABSOLUTE
    Usb\usbram.c                             0x00000000   Number         0  usbram.o ABSOLUTE
    Usb\usbuser.c                            0x00000000   Number         0  usbuser.o ABSOLUTE
    Utility\Utility.c                        0x00000000   Number         0  utility.o ABSOLUTE
    Utility\\Utility.c                       0x00000000   Number         0  utility.o ABSOLUTE
    dc.s                                     0x00000000   Number         0  dc.o ABSOLUTE
    main.c                                   0x00000000   Number         0  main.o ABSOLUTE
    main.c                                   0x00000000   Number         0  main.o ABSOLUTE
    !!!main                                  0x000000c0   Section        8  __main.o(!!!main)
    !!!scatter                               0x000000c8   Section       60  __scatter.o(!!!scatter)
    !!handler_copy                           0x00000104   Section       26  __scatter_copy.o(!!handler_copy)
    !!handler_zi                             0x00000120   Section       28  __scatter_zi.o(!!handler_zi)
    .ARM.Collect$$libinit$$00000000          0x0000013c   Section        2  libinit.o(.ARM.Collect$$libinit$$00000000)
    .ARM.Collect$$libinit$$00000002          0x0000013e   Section        0  libinit2.o(.ARM.Collect$$libinit$$00000002)
    .ARM.Collect$$libinit$$00000004          0x0000013e   Section        0  libinit2.o(.ARM.Collect$$libinit$$00000004)
    .ARM.Collect$$libinit$$0000000A          0x0000013e   Section        0  libinit2.o(.ARM.Collect$$libinit$$0000000A)
    .ARM.Collect$$libinit$$0000000C          0x0000013e   Section        0  libinit2.o(.ARM.Collect$$libinit$$0000000C)
    .ARM.Collect$$libinit$$0000000E          0x0000013e   Section        0  libinit2.o(.ARM.Collect$$libinit$$0000000E)
    .ARM.Collect$$libinit$$00000011          0x0000013e   Section        0  libinit2.o(.ARM.Collect$$libinit$$00000011)
    .ARM.Collect$$libinit$$00000013          0x0000013e   Section        0  libinit2.o(.ARM.Collect$$libinit$$00000013)
    .ARM.Collect$$libinit$$00000015          0x0000013e   Section        0  libinit2.o(.ARM.Collect$$libinit$$00000015)
    .ARM.Collect$$libinit$$00000017          0x0000013e   Section        0  libinit2.o(.ARM.Collect$$libinit$$00000017)
    .ARM.Collect$$libinit$$00000019          0x0000013e   Section        0  libinit2.o(.ARM.Collect$$libinit$$00000019)
    .ARM.Collect$$libinit$$0000001B          0x0000013e   Section        0  libinit2.o(.ARM.Collect$$libinit$$0000001B)
    .ARM.Collect$$libinit$$0000001D          0x0000013e   Section        0  libinit2.o(.ARM.Collect$$libinit$$0000001D)
    .ARM.Collect$$libinit$$0000001F          0x0000013e   Section        0  libinit2.o(.ARM.Collect$$libinit$$0000001F)
    .ARM.Collect$$libinit$$00000021          0x0000013e   Section        0  libinit2.o(.ARM.Collect$$libinit$$00000021)
    .ARM.Collect$$libinit$$00000023          0x0000013e   Section        0  libinit2.o(.ARM.Collect$$libinit$$00000023)
    .ARM.Collect$$libinit$$00000025          0x0000013e   Section        0  libinit2.o(.ARM.Collect$$libinit$$00000025)
    .ARM.Collect$$libinit$$0000002C          0x0000013e   Section        0  libinit2.o(.ARM.Collect$$libinit$$0000002C)
    .ARM.Collect$$libinit$$0000002E          0x0000013e   Section        0  libinit2.o(.ARM.Collect$$libinit$$0000002E)
    .ARM.Collect$$libinit$$00000030          0x0000013e   Section        0  libinit2.o(.ARM.Collect$$libinit$$00000030)
    .ARM.Collect$$libinit$$00000032          0x0000013e   Section        0  libinit2.o(.ARM.Collect$$libinit$$00000032)
    .ARM.Collect$$libinit$$00000033          0x0000013e   Section        2  libinit2.o(.ARM.Collect$$libinit$$00000033)
    .ARM.Collect$$libshutdown$$00000000      0x00000140   Section        2  libshutdown.o(.ARM.Collect$$libshutdown$$00000000)
    .ARM.Collect$$libshutdown$$00000002      0x00000142   Section        0  libshutdown2.o(.ARM.Collect$$libshutdown$$00000002)
    .ARM.Collect$$libshutdown$$00000004      0x00000142   Section        0  libshutdown2.o(.ARM.Collect$$libshutdown$$00000004)
    .ARM.Collect$$libshutdown$$00000007      0x00000142   Section        0  libshutdown2.o(.ARM.Collect$$libshutdown$$00000007)
    .ARM.Collect$$libshutdown$$0000000A      0x00000142   Section        0  libshutdown2.o(.ARM.Collect$$libshutdown$$0000000A)
    .ARM.Collect$$libshutdown$$0000000C      0x00000142   Section        0  libshutdown2.o(.ARM.Collect$$libshutdown$$0000000C)
    .ARM.Collect$$libshutdown$$0000000F      0x00000142   Section        0  libshutdown2.o(.ARM.Collect$$libshutdown$$0000000F)
    .ARM.Collect$$libshutdown$$00000010      0x00000142   Section        2  libshutdown2.o(.ARM.Collect$$libshutdown$$00000010)
    .ARM.Collect$$rtentry$$00000000          0x00000144   Section        0  __rtentry.o(.ARM.Collect$$rtentry$$00000000)
    .ARM.Collect$$rtentry$$00000002          0x00000144   Section        0  __rtentry2.o(.ARM.Collect$$rtentry$$00000002)
    .ARM.Collect$$rtentry$$00000004          0x00000144   Section        6  __rtentry4.o(.ARM.Collect$$rtentry$$00000004)
    .ARM.Collect$$rtentry$$00000009          0x0000014a   Section        0  __rtentry2.o(.ARM.Collect$$rtentry$$00000009)
    .ARM.Collect$$rtentry$$0000000A          0x0000014a   Section        4  __rtentry2.o(.ARM.Collect$$rtentry$$0000000A)
    .ARM.Collect$$rtentry$$0000000C          0x0000014e   Section        0  __rtentry2.o(.ARM.Collect$$rtentry$$0000000C)
    .ARM.Collect$$rtentry$$0000000D          0x0000014e   Section        8  __rtentry2.o(.ARM.Collect$$rtentry$$0000000D)
    .ARM.Collect$$rtexit$$00000000           0x00000156   Section        2  rtexit.o(.ARM.Collect$$rtexit$$00000000)
    .ARM.Collect$$rtexit$$00000002           0x00000158   Section        0  rtexit2.o(.ARM.Collect$$rtexit$$00000002)
    .ARM.Collect$$rtexit$$00000003           0x00000158   Section        4  rtexit2.o(.ARM.Collect$$rtexit$$00000003)
    .ARM.Collect$$rtexit$$00000004           0x0000015c   Section        6  rtexit2.o(.ARM.Collect$$rtexit$$00000004)
    .emb_text                                0x00000164   Section       16  usbuser.o(.emb_text)
    .text                                    0x00000174   Section        0  main.o(.text)
    .text                                    0x00000338   Section        0  utility.o(.text)
    .text                                    0x000003a8   Section        0  usbhw.o(.text)
    __NVIC_EnableIRQ                         0x00000a15   Thumb Code    26  usbhw.o(.text)
    __NVIC_ClearPendingIRQ                   0x00000a2f   Thumb Code    18  usbhw.o(.text)
    .text                                    0x00000a68   Section        0  usbuser.o(.text)
    .text                                    0x00001354   Section        0  usbepfunc.o(.text)
    .text                                    0x000014c4   Section        0  hiduser.o(.text)
    .text                                    0x00001808   Section       44  startup_sn32f240b.o(.text)
    .text                                    0x00001834   Section        0  system_sn32f240b.o(.text)
    .text                                    0x00001940   Section      346  aeabi_sdiv.o(.text)
    .text                                    0x00001a9a   Section        0  heapauxi.o(.text)
    .text                                    0x00001aa0   Section       62  sys_stackheap_outer.o(.text)
    .text                                    0x00001ade   Section        0  exit.o(.text)
    .text                                    0x00001af0   Section        8  libspace.o(.text)
    .text                                    0x00001af8   Section        0  sys_exit.o(.text)
    .text                                    0x00001b04   Section        2  use_no_semi.o(.text)
    .text                                    0x00001b06   Section        0  indicate_semi.o(.text)
    i.__ARM_common_switch8                   0x00001b06   Section        0  usbuser.o(i.__ARM_common_switch8)
    .constdata                               0x00001b24   Section      708  usbdesc.o(.constdata)
    .ARM.__at_0x00007FFC                     0x00007ffc   Section        4  startup_sn32f240b.o(.ARM.__at_0x00007FFC)
    .ARM.__at_0x00008000                     0x00008000   Section        4  startup_sn32f240b.o(.ARM.__at_0x00008000)
    .ARM.__at_0x0000FFFC                     0x0000fffc   Section        4  startup_sn32f240b.o(.ARM.__at_0x0000FFFC)
    .data                                    0x20000000   Section       16  main.o(.data)
    .data                                    0x20000010   Section       56  usbram.o(.data)
    .data                                    0x20000048   Section        4  system_sn32f240b.o(.data)
    .bss                                     0x2000004c   Section       56  usbram.o(.bss)
    .bss                                     0x20000084   Section       88  hidram.o(.bss)
    .bss                                     0x200000dc   Section       96  libspace.o(.bss)
    HEAP                                     0x20000140   Section        0  startup_sn32f240b.o(HEAP)
    STACK                                    0x20000140   Section      512  startup_sn32f240b.o(STACK)
    Heap_Mem                                 0x20000140   Data           0  startup_sn32f240b.o(HEAP)
    Stack_Mem                                0x20000140   Data         512  startup_sn32f240b.o(STACK)
    __initial_sp                             0x20000340   Data           0  startup_sn32f240b.o(STACK)

    Global Symbols

    Symbol Name                              Value     Ov Type        Size  Object(Section)

    BuildAttributes$$THM_ISAv3M$S$PE$A:L22$X:L11$S22$IEEE1$IW$USESV6$~STKCKD$USESV7$~SHL$OSPACE$ROPI$EBA8$UX$STANDARDLIB$REQ8$PRES8$EABIv2 0x00000000   Number         0  anon$$obj.o ABSOLUTE
    __ARM_use_no_argv                        0x00000000   Number         0  main.o ABSOLUTE
    __Vectors                                0x00000000   Data           4  startup_sn32f240b.o(RESET)
    __ARM_exceptions_init                     - Undefined Weak Reference
    __alloca_initialize                       - Undefined Weak Reference
    __arm_preinit_                            - Undefined Weak Reference
    __cpp_initialize__aeabi_                  - Undefined Weak Reference
    __cxa_finalize                            - Undefined Weak Reference
    __rt_locale                               - Undefined Weak Reference
    __sigvec_lookup                           - Undefined Weak Reference
    _atexit_init                              - Undefined Weak Reference
    _call_atexit_fns                          - Undefined Weak Reference
    _clock_init                               - Undefined Weak Reference
    _fp_trap_init                             - Undefined Weak Reference
    _fp_trap_shutdown                         - Undefined Weak Reference
    _get_lc_collate                           - Undefined Weak Reference
    _get_lc_ctype                             - Undefined Weak Reference
    _get_lc_monetary                          - Undefined Weak Reference
    _get_lc_numeric                           - Undefined Weak Reference
    _get_lc_time                              - Undefined Weak Reference
    _getenv_init                              - Undefined Weak Reference
    _handle_redirection                       - Undefined Weak Reference
    _init_alloc                               - Undefined Weak Reference
    _init_user_alloc                          - Undefined Weak Reference
    _initio                                   - Undefined Weak Reference
    _rand_init                                - Undefined Weak Reference
    _signal_finish                            - Undefined Weak Reference
    _signal_init                              - Undefined Weak Reference
    _terminate_alloc                          - Undefined Weak Reference
    _terminate_user_alloc                     - Undefined Weak Reference
    _terminateio                              - Undefined Weak Reference
    __main                                   0x000000c1   Thumb Code     8  __main.o(!!!main)
    __scatterload                            0x000000c9   Thumb Code     0  __scatter.o(!!!scatter)
    __scatterload_rt2                        0x000000c9   Thumb Code    52  __scatter.o(!!!scatter)
    __scatterload_rt2_thumb_only             0x000000c9   Thumb Code     0  __scatter.o(!!!scatter)
    __scatterload_null                       0x000000d9   Thumb Code     0  __scatter.o(!!!scatter)
    __scatterload_copy                       0x00000105   Thumb Code    26  __scatter_copy.o(!!handler_copy)
    __scatterload_zeroinit                   0x00000121   Thumb Code    28  __scatter_zi.o(!!handler_zi)
    __rt_lib_init                            0x0000013d   Thumb Code     0  libinit.o(.ARM.Collect$$libinit$$00000000)
    __rt_lib_init_alloca_1                   0x0000013f   Thumb Code     0  libinit2.o(.ARM.Collect$$libinit$$0000002E)
    __rt_lib_init_argv_1                     0x0000013f   Thumb Code     0  libinit2.o(.ARM.Collect$$libinit$$0000002C)
    __rt_lib_init_atexit_1                   0x0000013f   Thumb Code     0  libinit2.o(.ARM.Collect$$libinit$$0000001B)
    __rt_lib_init_clock_1                    0x0000013f   Thumb Code     0  libinit2.o(.ARM.Collect$$libinit$$00000021)
    __rt_lib_init_cpp_1                      0x0000013f   Thumb Code     0  libinit2.o(.ARM.Collect$$libinit$$00000032)
    __rt_lib_init_exceptions_1               0x0000013f   Thumb Code     0  libinit2.o(.ARM.Collect$$libinit$$00000030)
    __rt_lib_init_fp_1                       0x0000013f   Thumb Code     0  libinit2.o(.ARM.Collect$$libinit$$00000002)
    __rt_lib_init_fp_trap_1                  0x0000013f   Thumb Code     0  libinit2.o(.ARM.Collect$$libinit$$0000001F)
    __rt_lib_init_getenv_1                   0x0000013f   Thumb Code     0  libinit2.o(.ARM.Collect$$libinit$$00000023)
    __rt_lib_init_heap_1                     0x0000013f   Thumb Code     0  libinit2.o(.ARM.Collect$$libinit$$0000000A)
    __rt_lib_init_lc_collate_1               0x0000013f   Thumb Code     0  libinit2.o(.ARM.Collect$$libinit$$00000011)
    __rt_lib_init_lc_ctype_1                 0x0000013f   Thumb Code     0  libinit2.o(.ARM.Collect$$libinit$$00000013)
    __rt_lib_init_lc_monetary_1              0x0000013f   Thumb Code     0  libinit2.o(.ARM.Collect$$libinit$$00000015)
    __rt_lib_init_lc_numeric_1               0x0000013f   Thumb Code     0  libinit2.o(.ARM.Collect$$libinit$$00000017)
    __rt_lib_init_lc_time_1                  0x0000013f   Thumb Code     0  libinit2.o(.ARM.Collect$$libinit$$00000019)
    __rt_lib_init_preinit_1                  0x0000013f   Thumb Code     0  libinit2.o(.ARM.Collect$$libinit$$00000004)
    __rt_lib_init_rand_1                     0x0000013f   Thumb Code     0  libinit2.o(.ARM.Collect$$libinit$$0000000E)
    __rt_lib_init_return                     0x0000013f   Thumb Code     0  libinit2.o(.ARM.Collect$$libinit$$00000033)
    __rt_lib_init_signal_1                   0x0000013f   Thumb Code     0  libinit2.o(.ARM.Collect$$libinit$$0000001D)
    __rt_lib_init_stdio_1                    0x0000013f   Thumb Code     0  libinit2.o(.ARM.Collect$$libinit$$00000025)
    __rt_lib_init_user_alloc_1               0x0000013f   Thumb Code     0  libinit2.o(.ARM.Collect$$libinit$$0000000C)
    __rt_lib_shutdown                        0x00000141   Thumb Code     0  libshutdown.o(.ARM.Collect$$libshutdown$$00000000)
    __rt_lib_shutdown_cpp_1                  0x00000143   Thumb Code     0  libshutdown2.o(.ARM.Collect$$libshutdown$$00000002)
    __rt_lib_shutdown_fp_trap_1              0x00000143   Thumb Code     0  libshutdown2.o(.ARM.Collect$$libshutdown$$00000007)
    __rt_lib_shutdown_heap_1                 0x00000143   Thumb Code     0  libshutdown2.o(.ARM.Collect$$libshutdown$$0000000F)
    __rt_lib_shutdown_return                 0x00000143   Thumb Code     0  libshutdown2.o(.ARM.Collect$$libshutdown$$00000010)
    __rt_lib_shutdown_signal_1               0x00000143   Thumb Code     0  libshutdown2.o(.ARM.Collect$$libshutdown$$0000000A)
    __rt_lib_shutdown_stdio_1                0x00000143   Thumb Code     0  libshutdown2.o(.ARM.Collect$$libshutdown$$00000004)
    __rt_lib_shutdown_user_alloc_1           0x00000143   Thumb Code     0  libshutdown2.o(.ARM.Collect$$libshutdown$$0000000C)
    __rt_entry                               0x00000145   Thumb Code     0  __rtentry.o(.ARM.Collect$$rtentry$$00000000)
    __rt_entry_presh_1                       0x00000145   Thumb Code     0  __rtentry2.o(.ARM.Collect$$rtentry$$00000002)
    __rt_entry_sh                            0x00000145   Thumb Code     0  __rtentry4.o(.ARM.Collect$$rtentry$$00000004)
    __rt_entry_li                            0x0000014b   Thumb Code     0  __rtentry2.o(.ARM.Collect$$rtentry$$0000000A)
    __rt_entry_postsh_1                      0x0000014b   Thumb Code     0  __rtentry2.o(.ARM.Collect$$rtentry$$00000009)
    __rt_entry_main                          0x0000014f   Thumb Code     0  __rtentry2.o(.ARM.Collect$$rtentry$$0000000D)
    __rt_entry_postli_1                      0x0000014f   Thumb Code     0  __rtentry2.o(.ARM.Collect$$rtentry$$0000000C)
    __rt_exit                                0x00000157   Thumb Code     0  rtexit.o(.ARM.Collect$$rtexit$$00000000)
    __rt_exit_ls                             0x00000159   Thumb Code     0  rtexit2.o(.ARM.Collect$$rtexit$$00000003)
    __rt_exit_prels_1                        0x00000159   Thumb Code     0  rtexit2.o(.ARM.Collect$$rtexit$$00000002)
    __rt_exit_exit                           0x0000015d   Thumb Code     0  rtexit2.o(.ARM.Collect$$rtexit$$00000004)
    Goto_Bootloader                          0x00000165   Thumb Code     8  usbuser.o(.emb_text)
    SendKeyCode                              0x00000175   Thumb Code    80  main.o(.text)
    releaseKeyCode                           0x000001c5   Thumb Code    36  main.o(.text)
    NDT_Init                                 0x000001e9   Thumb Code    42  main.o(.text)
    NotPinOut_GPIO_init                      0x00000213   Thumb Code     8  main.o(.text)
    main                                     0x0000021b   Thumb Code    68  main.o(.text)
    SysTick_Init                             0x0000025f   Thumb Code    16  main.o(.text)
    SysTick_Handler                          0x0000026f   Thumb Code    54  main.o(.text)
    NDT_IRQHandler                           0x000002a5   Thumb Code    42  main.o(.text)
    HardFault_Handler                        0x000002cf   Thumb Code    48  main.o(.text)
    UT_INT_DelayNx10us                       0x00000339   Thumb Code    22  utility.o(.text)
    UT_INT_DelayNms                          0x0000034f   Thumb Code    28  utility.o(.text)
    UT_MAIN_DelayNx10us                      0x0000036b   Thumb Code    22  utility.o(.text)
    UT_MAIN_DelayNms                         0x00000381   Thumb Code    28  utility.o(.text)
    USB_EPnBufferOffset                      0x000003a9   Thumb Code    20  usbhw.o(.text)
    USB_Init                                 0x000003bd   Thumb Code   158  usbhw.o(.text)
    P1_IRQHandler                            0x0000045b   Thumb Code    82  usbhw.o(.text)
    Remote_Wakeup_Setting                    0x000004ad   Thumb Code    60  usbhw.o(.text)
    USB_EP4NakEvent                          0x000004e9   Thumb Code    10  usbhw.o(.text)
    USB_EP3NakEvent                          0x000004f3   Thumb Code    10  usbhw.o(.text)
    USB_EP2NakEvent                          0x000004fd   Thumb Code    10  usbhw.o(.text)
    USB_EP1NakEvent                          0x00000507   Thumb Code    10  usbhw.o(.text)
    USB_EP4AckEvent                          0x00000511   Thumb Code    12  usbhw.o(.text)
    USB_EP3AckEvent                          0x0000051d   Thumb Code    12  usbhw.o(.text)
    USB_EP2AckEvent                          0x00000529   Thumb Code    12  usbhw.o(.text)
    USB_EP1AckEvent                          0x00000535   Thumb Code    12  usbhw.o(.text)
    USB_EPnStall                             0x00000541   Thumb Code    46  usbhw.o(.text)
    USB_ReturntoNormal                       0x0000056f   Thumb Code    28  usbhw.o(.text)
    USB_IRQHandler                           0x0000058b   Thumb Code   332  usbhw.o(.text)
    USB_DelayKstate                          0x000006d7   Thumb Code    22  usbhw.o(.text)
    USB_DelayJstate                          0x000006ed   Thumb Code    22  usbhw.o(.text)
    USB_RemoteWakeUp                         0x00000703   Thumb Code    44  usbhw.o(.text)
    USB_SwitchtoSlow                         0x0000072f   Thumb Code    48  usbhw.o(.text)
    USB_Suspend                              0x0000075f   Thumb Code   262  usbhw.o(.text)
    USB_ClrEPnToggle                         0x00000865   Thumb Code    16  usbhw.o(.text)
    USB_EPnDisable                           0x00000875   Thumb Code    22  usbhw.o(.text)
    USB_EPnNak                               0x0000088b   Thumb Code    22  usbhw.o(.text)
    USB_EPnAck                               0x000008a1   Thumb Code    28  usbhw.o(.text)
    fnUSBMAIN_ReadFIFO                       0x000008bd   Thumb Code    42  usbhw.o(.text)
    USB_EPnReadByteData                      0x000008e7   Thumb Code    48  usbhw.o(.text)
    USB_EPnReadWordData                      0x00000917   Thumb Code    40  usbhw.o(.text)
    fnUSBMAIN_WriteFIFO                      0x0000093f   Thumb Code    34  usbhw.o(.text)
    USB_EPnWriteByteData                     0x00000961   Thumb Code    70  usbhw.o(.text)
    USB_EPnWriteWordData                     0x000009a7   Thumb Code    34  usbhw.o(.text)
    fnUSBINT_ReadFIFO                        0x000009c9   Thumb Code    42  usbhw.o(.text)
    fnUSBINT_WriteFIFO                       0x000009f3   Thumb Code    34  usbhw.o(.text)
    USB_ResetEvent                           0x00000a69   Thumb Code    46  usbuser.o(.text)
    USB_SuspendEvent                         0x00000a97   Thumb Code    14  usbuser.o(.text)
    USB_ResumeEvent                          0x00000aa5   Thumb Code    22  usbuser.o(.text)
    USB_WakeupEvent                          0x00000abb   Thumb Code    22  usbuser.o(.text)
    USB_SOFEvent                             0x00000ad1   Thumb Code    10  usbuser.o(.text)
    USB_SetInterfaceEvent                    0x00000adb   Thumb Code    92  usbuser.o(.text)
    USB_GetInterfaceEvent                    0x00000b37   Thumb Code    76  usbuser.o(.text)
    USB_SetConfigurationEvent                0x00000b83   Thumb Code   190  usbuser.o(.text)
    USB_GetConfigurationEvent                0x00000c41   Thumb Code    72  usbuser.o(.text)
    USB_SetDescriptorEvent                   0x00000c89   Thumb Code    10  usbuser.o(.text)
    USB_Comb_Bytetoword                      0x00000c93   Thumb Code    36  usbuser.o(.text)
    USB_TableTransmit                        0x00000cb7   Thumb Code   176  usbuser.o(.text)
    USB_GetDescriptorEvent                   0x00000d67   Thumb Code   130  usbuser.o(.text)
    USB_SetAddressEvent                      0x00000de9   Thumb Code    78  usbuser.o(.text)
    USB_SetFeatureEvent                      0x00000e37   Thumb Code   178  usbuser.o(.text)
    USB_ClearFeatureEvent                    0x00000ee9   Thumb Code   184  usbuser.o(.text)
    USB_GetStatusEvent                       0x00000fa1   Thumb Code   198  usbuser.o(.text)
    USB_StandardRequest                      0x00001067   Thumb Code    98  usbuser.o(.text)
    USB_EP0SetupEvent                        0x000010c9   Thumb Code   178  usbuser.o(.text)
    USB_EP0InEvent                           0x0000117b   Thumb Code   176  usbuser.o(.text)
    USB_EP0OutEvent                          0x0000122b   Thumb Code   206  usbuser.o(.text)
    USB_StandardVar_Init                     0x000012f9   Thumb Code    70  usbuser.o(.text)
    USB_EPnINFunction                        0x00001355   Thumb Code   134  usbepfunc.o(.text)
    USB_Test                                 0x000013db   Thumb Code   206  usbepfunc.o(.text)
    HID_SetProtocolEvent                     0x000014c5   Thumb Code    96  hiduser.o(.text)
    HID_SetIdleEvent                         0x00001525   Thumb Code    72  hiduser.o(.text)
    HID_SetReportFeatureEvent                0x0000156d   Thumb Code    18  hiduser.o(.text)
    HID_SetReportOutputEvent                 0x0000157f   Thumb Code    40  hiduser.o(.text)
    HID_SetReportEvent                       0x000015a7   Thumb Code    64  hiduser.o(.text)
    HID_GetProtocolEvent                     0x000015e7   Thumb Code    82  hiduser.o(.text)
    HID_GetIdleEvent                         0x00001639   Thumb Code    78  hiduser.o(.text)
    HID_GetReportInputIF2Event               0x00001687   Thumb Code    32  hiduser.o(.text)
    HID_GetReportInputIF1Event               0x000016a7   Thumb Code    32  hiduser.o(.text)
    HID_GetReportFeatureEvent                0x000016c7   Thumb Code    12  hiduser.o(.text)
    HID_GetReportOutputEvent                 0x000016d3   Thumb Code    36  hiduser.o(.text)
    HID_GetReportInputEvent                  0x000016f7   Thumb Code    32  hiduser.o(.text)
    HID_GetReportEvent                       0x00001717   Thumb Code   138  hiduser.o(.text)
    USB_HIDRequest                           0x000017a1   Thumb Code    74  hiduser.o(.text)
    USB_HidVar_Init                          0x000017eb   Thumb Code    18  hiduser.o(.text)
    Reset_Handler                            0x00001809   Thumb Code     4  startup_sn32f240b.o(.text)
    NMI_Handler                              0x0000180d   Thumb Code     2  startup_sn32f240b.o(.text)
    SVC_Handler                              0x00001811   Thumb Code     2  startup_sn32f240b.o(.text)
    PendSV_Handler                           0x00001813   Thumb Code     2  startup_sn32f240b.o(.text)
    ADC_IRQHandler                           0x00001817   Thumb Code     0  startup_sn32f240b.o(.text)
    CT16B0_IRQHandler                        0x00001817   Thumb Code     0  startup_sn32f240b.o(.text)
    CT16B1_IRQHandler                        0x00001817   Thumb Code     0  startup_sn32f240b.o(.text)
    I2C0_IRQHandler                          0x00001817   Thumb Code     0  startup_sn32f240b.o(.text)
    LVD_IRQHandler                           0x00001817   Thumb Code     0  startup_sn32f240b.o(.text)
    P0_IRQHandler                            0x00001817   Thumb Code     0  startup_sn32f240b.o(.text)
    P2_IRQHandler                            0x00001817   Thumb Code     0  startup_sn32f240b.o(.text)
    P3_IRQHandler                            0x00001817   Thumb Code     0  startup_sn32f240b.o(.text)
    SPI0_IRQHandler                          0x00001817   Thumb Code     0  startup_sn32f240b.o(.text)
    UART0_IRQHandler                         0x00001817   Thumb Code     0  startup_sn32f240b.o(.text)
    UART1_IRQHandler                         0x00001817   Thumb Code     0  startup_sn32f240b.o(.text)
    UART2_IRQHandler                         0x00001817   Thumb Code     0  startup_sn32f240b.o(.text)
    WDT_IRQHandler                           0x00001817   Thumb Code     0  startup_sn32f240b.o(.text)
    __user_initial_stackheap                 0x00001819   Thumb Code     0  startup_sn32f240b.o(.text)
    SystemCoreClockUpdate                    0x00001835   Thumb Code   172  system_sn32f240b.o(.text)
    SystemInit                               0x000018e1   Thumb Code    68  system_sn32f240b.o(.text)
    __aeabi_uidiv                            0x00001941   Thumb Code     0  aeabi_sdiv.o(.text)
    __aeabi_uidivmod                         0x00001941   Thumb Code    20  aeabi_sdiv.o(.text)
    __aeabi_idiv                             0x00001955   Thumb Code     0  aeabi_sdiv.o(.text)
    __aeabi_idivmod                          0x00001955   Thumb Code   326  aeabi_sdiv.o(.text)
    __use_two_region_memory                  0x00001a9b   Thumb Code     2  heapauxi.o(.text)
    __rt_heap_escrow$2region                 0x00001a9d   Thumb Code     2  heapauxi.o(.text)
    __rt_heap_expand$2region                 0x00001a9f   Thumb Code     2  heapauxi.o(.text)
    __user_setup_stackheap                   0x00001aa1   Thumb Code    62  sys_stackheap_outer.o(.text)
    exit                                     0x00001adf   Thumb Code    16  exit.o(.text)
    __user_libspace                          0x00001af1   Thumb Code     8  libspace.o(.text)
    __user_perproc_libspace                  0x00001af1   Thumb Code     0  libspace.o(.text)
    __user_perthread_libspace                0x00001af1   Thumb Code     0  libspace.o(.text)
    _sys_exit                                0x00001af9   Thumb Code     8  sys_exit.o(.text)
    __I$use$semihosting                      0x00001b05   Thumb Code     0  use_no_semi.o(.text)
    __use_no_semihosting_swi                 0x00001b05   Thumb Code     2  use_no_semi.o(.text)
    __ARM_common_switch8                     0x00001b07   Thumb Code    28  usbuser.o(i.__ARM_common_switch8)
    __semihosting_library_function           0x00001b07   Thumb Code     0  indicate_semi.o(.text)
    USB_DeviceDescriptor                     0x00001b24   Data          18  usbdesc.o(.constdata)
    HID_ReportDescriptor                     0x00001b36   Data          65  usbdesc.o(.constdata)
    HID_ReportDescSize                       0x00001b78   Data           2  usbdesc.o(.constdata)
    HID_ReportDescriptor2                    0x00001b7a   Data          54  usbdesc.o(.constdata)
    HID_ReportDescSize2                      0x00001bb0   Data           2  usbdesc.o(.constdata)
    HID_ReportDescriptor3                    0x00001bb2   Data         158  usbdesc.o(.constdata)
    HID_ReportDescSize3                      0x00001c50   Data           2  usbdesc.o(.constdata)
    HID_ReportDescriptor4                    0x00001c52   Data          30  usbdesc.o(.constdata)
    HID_ReportDescSize4                      0x00001c70   Data           2  usbdesc.o(.constdata)
    USB_ConfigDescriptor                     0x00001c72   Data         109  usbdesc.o(.constdata)
    USB_LanguageStringDescriptor             0x00001cdf   Data           4  usbdesc.o(.constdata)
    USB_ManufacturerStringDescriptor         0x00001ce3   Data          12  usbdesc.o(.constdata)
    USB_ProductStringDescriptor              0x00001cef   Data          22  usbdesc.o(.constdata)
    USB_SerialNumberStringDescriptor         0x00001d05   Data          10  usbdesc.o(.constdata)
    DesInfo                                  0x00001d10   Data         216  usbdesc.o(.constdata)
    Region$$Table$$Base                      0x00001de8   Number         0  anon$$obj.o(Region$$Table)
    Region$$Table$$Limit                     0x00001e08   Number         0  anon$$obj.o(Region$$Table)
    keyboardhid                              0x20000000   Data           8  main.o(.data)
    keyboardhid_report                       0x20000008   Data           8  main.o(.data)
    wUSB_EndpHalt                            0x20000010   Data           5  usbram.o(.data)
    pUSB_TableIndex                          0x20000018   Data           4  usbram.o(.data)
    wUSB_TableLength                         0x2000001c   Data           4  usbram.o(.data)
    wUSB_IfAlternateSet                      0x20000020   Data           4  usbram.o(.data)
    bNDT_Flag                                0x20000024   Data           1  usbram.o(.data)
    dbNDT_Cnt                                0x20000026   Data           2  usbram.o(.data)
    wUSB_PreTableLength                      0x20000028   Data           4  usbram.o(.data)
    mode                                     0x2000002c   Data           2  usbram.o(.data)
    cnt                                      0x20000030   Data           4  usbram.o(.data)
    wUSB_MouseData                           0x20000034   Data           4  usbram.o(.data)
    wUSBINT_ReadDataBuf                      0x20000038   Data           4  usbram.o(.data)
    wUSBINT_WriteDataBuf                     0x2000003c   Data           4  usbram.o(.data)
    wUSBMAIN_ReadDataBuf                     0x20000040   Data           4  usbram.o(.data)
    wUSBMAIN_WriteDataBuf                    0x20000044   Data           4  usbram.o(.data)
    SystemCoreClock                          0x20000048   Data           4  system_sn32f240b.o(.data)
    wUSB_EPnOffset                           0x2000004c   Data          16  usbram.o(.bss)
    wUSB_EPnPacketsize                       0x2000005c   Data          20  usbram.o(.bss)
    sUSB_EumeData                            0x20000070   Data          20  usbram.o(.bss)
    sHID_Data                                0x20000084   Data          88  hidram.o(.bss)
    __libspace_start                         0x200000dc   Data          96  libspace.o(.bss)
    __temporary_stack_top$libspace           0x2000013c   Data           0  libspace.o(.bss)



==============================================================================

Memory Map of the image

  Image Entry point : 0x000000c1

  Load Region LR_IROM1 (Base: 0x00000000, Size: 0x00008050, Max: 0x0000fffc, ABSOLUTE)

    Execution Region ER_IROM1 (Exec base: 0x00000000, Load base: 0x00000000, Size: 0x00008004, Max: 0x0000fffc, ABSOLUTE)

    Exec Addr    Load Addr    Size         Type   Attr      Idx    E Section Name        Object

    0x00000000   0x00000000   0x000000c0   Data   RO          338    RESET               startup_sn32f240b.o
    0x000000c0   0x000000c0   0x00000008   Code   RO          386  * !!!main             c_p.l(__main.o)
    0x000000c8   0x000000c8   0x0000003c   Code   RO          555    !!!scatter          c_p.l(__scatter.o)
    0x00000104   0x00000104   0x0000001a   Code   RO          557    !!handler_copy      c_p.l(__scatter_copy.o)
    0x0000011e   0x0000011e   0x00000002   PAD
    0x00000120   0x00000120   0x0000001c   Code   RO          559    !!handler_zi        c_p.l(__scatter_zi.o)
    0x0000013c   0x0000013c   0x00000002   Code   RO          424    .ARM.Collect$$libinit$$00000000  c_p.l(libinit.o)
    0x0000013e   0x0000013e   0x00000000   Code   RO          438    .ARM.Collect$$libinit$$00000002  c_p.l(libinit2.o)
    0x0000013e   0x0000013e   0x00000000   Code   RO          440    .ARM.Collect$$libinit$$00000004  c_p.l(libinit2.o)
    0x0000013e   0x0000013e   0x00000000   Code   RO          443    .ARM.Collect$$libinit$$0000000A  c_p.l(libinit2.o)
    0x0000013e   0x0000013e   0x00000000   Code   RO          445    .ARM.Collect$$libinit$$0000000C  c_p.l(libinit2.o)
    0x0000013e   0x0000013e   0x00000000   Code   RO          447    .ARM.Collect$$libinit$$0000000E  c_p.l(libinit2.o)
    0x0000013e   0x0000013e   0x00000000   Code   RO          450    .ARM.Collect$$libinit$$00000011  c_p.l(libinit2.o)
    0x0000013e   0x0000013e   0x00000000   Code   RO          452    .ARM.Collect$$libinit$$00000013  c_p.l(libinit2.o)
    0x0000013e   0x0000013e   0x00000000   Code   RO          454    .ARM.Collect$$libinit$$00000015  c_p.l(libinit2.o)
    0x0000013e   0x0000013e   0x00000000   Code   RO          456    .ARM.Collect$$libinit$$00000017  c_p.l(libinit2.o)
    0x0000013e   0x0000013e   0x00000000   Code   RO          458    .ARM.Collect$$libinit$$00000019  c_p.l(libinit2.o)
    0x0000013e   0x0000013e   0x00000000   Code   RO          460    .ARM.Collect$$libinit$$0000001B  c_p.l(libinit2.o)
    0x0000013e   0x0000013e   0x00000000   Code   RO          462    .ARM.Collect$$libinit$$0000001D  c_p.l(libinit2.o)
    0x0000013e   0x0000013e   0x00000000   Code   RO          464    .ARM.Collect$$libinit$$0000001F  c_p.l(libinit2.o)
    0x0000013e   0x0000013e   0x00000000   Code   RO          466    .ARM.Collect$$libinit$$00000021  c_p.l(libinit2.o)
    0x0000013e   0x0000013e   0x00000000   Code   RO          468    .ARM.Collect$$libinit$$00000023  c_p.l(libinit2.o)
    0x0000013e   0x0000013e   0x00000000   Code   RO          470    .ARM.Collect$$libinit$$00000025  c_p.l(libinit2.o)
    0x0000013e   0x0000013e   0x00000000   Code   RO          474    .ARM.Collect$$libinit$$0000002C  c_p.l(libinit2.o)
    0x0000013e   0x0000013e   0x00000000   Code   RO          476    .ARM.Collect$$libinit$$0000002E  c_p.l(libinit2.o)
    0x0000013e   0x0000013e   0x00000000   Code   RO          478    .ARM.Collect$$libinit$$00000030  c_p.l(libinit2.o)
    0x0000013e   0x0000013e   0x00000000   Code   RO          480    .ARM.Collect$$libinit$$00000032  c_p.l(libinit2.o)
    0x0000013e   0x0000013e   0x00000002   Code   RO          481    .ARM.Collect$$libinit$$00000033  c_p.l(libinit2.o)
    0x00000140   0x00000140   0x00000002   Code   RO          512    .ARM.Collect$$libshutdown$$00000000  c_p.l(libshutdown.o)
    0x00000142   0x00000142   0x00000000   Code   RO          538    .ARM.Collect$$libshutdown$$00000002  c_p.l(libshutdown2.o)
    0x00000142   0x00000142   0x00000000   Code   RO          540    .ARM.Collect$$libshutdown$$00000004  c_p.l(libshutdown2.o)
    0x00000142   0x00000142   0x00000000   Code   RO          543    .ARM.Collect$$libshutdown$$00000007  c_p.l(libshutdown2.o)
    0x00000142   0x00000142   0x00000000   Code   RO          546    .ARM.Collect$$libshutdown$$0000000A  c_p.l(libshutdown2.o)
    0x00000142   0x00000142   0x00000000   Code   RO          548    .ARM.Collect$$libshutdown$$0000000C  c_p.l(libshutdown2.o)
    0x00000142   0x00000142   0x00000000   Code   RO          551    .ARM.Collect$$libshutdown$$0000000F  c_p.l(libshutdown2.o)
    0x00000142   0x00000142   0x00000002   Code   RO          552    .ARM.Collect$$libshutdown$$00000010  c_p.l(libshutdown2.o)
    0x00000144   0x00000144   0x00000000   Code   RO          388    .ARM.Collect$$rtentry$$00000000  c_p.l(__rtentry.o)
    0x00000144   0x00000144   0x00000000   Code   RO          394    .ARM.Collect$$rtentry$$00000002  c_p.l(__rtentry2.o)
    0x00000144   0x00000144   0x00000006   Code   RO          406    .ARM.Collect$$rtentry$$00000004  c_p.l(__rtentry4.o)
    0x0000014a   0x0000014a   0x00000000   Code   RO          396    .ARM.Collect$$rtentry$$00000009  c_p.l(__rtentry2.o)
    0x0000014a   0x0000014a   0x00000004   Code   RO          397    .ARM.Collect$$rtentry$$0000000A  c_p.l(__rtentry2.o)
    0x0000014e   0x0000014e   0x00000000   Code   RO          399    .ARM.Collect$$rtentry$$0000000C  c_p.l(__rtentry2.o)
    0x0000014e   0x0000014e   0x00000008   Code   RO          400    .ARM.Collect$$rtentry$$0000000D  c_p.l(__rtentry2.o)
    0x00000156   0x00000156   0x00000002   Code   RO          429    .ARM.Collect$$rtexit$$00000000  c_p.l(rtexit.o)
    0x00000158   0x00000158   0x00000000   Code   RO          485    .ARM.Collect$$rtexit$$00000002  c_p.l(rtexit2.o)
    0x00000158   0x00000158   0x00000004   Code   RO          486    .ARM.Collect$$rtexit$$00000003  c_p.l(rtexit2.o)
    0x0000015c   0x0000015c   0x00000006   Code   RO          487    .ARM.Collect$$rtexit$$00000004  c_p.l(rtexit2.o)
    0x00000162   0x00000162   0x00000002   PAD
    0x00000164   0x00000164   0x00000010   Code   RO          206    .emb_text           usbuser.o
    0x00000174   0x00000174   0x000001c4   Code   RO            3    .text               main.o
    0x00000338   0x00000338   0x00000070   Code   RO           90    .text               utility.o
    0x000003a8   0x000003a8   0x000006c0   Code   RO          137    .text               usbhw.o
    0x00000a68   0x00000a68   0x000008ec   Code   RO          207    .text               usbuser.o
    0x00001354   0x00001354   0x00000170   Code   RO          242    .text               usbepfunc.o
    0x000014c4   0x000014c4   0x00000344   Code   RO          285    .text               hiduser.o
    0x00001808   0x00001808   0x0000002c   Code   RO          342    .text               startup_sn32f240b.o
    0x00001834   0x00001834   0x0000010c   Code   RO          354    .text               system_sn32f240b.o
    0x00001940   0x00001940   0x0000015a   Code   RO          380    .text               c_p.l(aeabi_sdiv.o)
    0x00001a9a   0x00001a9a   0x00000006   Code   RO          384    .text               c_p.l(heapauxi.o)
    0x00001aa0   0x00001aa0   0x0000003e   Code   RO          410    .text               c_p.l(sys_stackheap_outer.o)
    0x00001ade   0x00001ade   0x00000010   Code   RO          413    .text               c_p.l(exit.o)
    0x00001aee   0x00001aee   0x00000002   PAD
    0x00001af0   0x00001af0   0x00000008   Code   RO          425    .text               c_p.l(libspace.o)
    0x00001af8   0x00001af8   0x0000000c   Code   RO          482    .text               c_p.l(sys_exit.o)
    0x00001b04   0x00001b04   0x00000002   Code   RO          501    .text               c_p.l(use_no_semi.o)
    0x00001b06   0x00001b06   0x00000000   Code   RO          503    .text               c_p.l(indicate_semi.o)
    0x00001b06   0x00001b06   0x0000001c   Code   RO          225    i.__ARM_common_switch8  usbuser.o
    0x00001b22   0x00001b22   0x00000002   PAD
    0x00001b24   0x00001b24   0x000002c4   Data   RO          181    .constdata          usbdesc.o
    0x00001de8   0x00001de8   0x00000020   Data   RO          553    Region$$Table       anon$$obj.o
    0x00001e08   0x00001e08   0x000061f4   PAD
    0x00007ffc   0x00007ffc   0x00000004   Code   RO          339    .ARM.__at_0x00007FFC  startup_sn32f240b.o
    0x00008000   0x00008000   0x00000004   Code   RO          340    .ARM.__at_0x00008000  startup_sn32f240b.o


    Execution Region RW_IRAM1 (Exec base: 0x20000000, Load base: 0x00008004, Size: 0x00000340, Max: 0x00002000, ABSOLUTE)

    Exec Addr    Load Addr    Size         Type   Attr      Idx    E Section Name        Object

    0x20000000   0x00008004   0x00000010   Data   RW            4    .data               main.o
    0x20000010   0x00008014   0x00000038   Data   RW          117    .data               usbram.o
    0x20000048   0x0000804c   0x00000004   Data   RW          355    .data               system_sn32f240b.o
    0x2000004c        -       0x00000038   Zero   RW          116    .bss                usbram.o
    0x20000084        -       0x00000058   Zero   RW          265    .bss                hidram.o
    0x200000dc        -       0x00000060   Zero   RW          426    .bss                c_p.l(libspace.o)
    0x2000013c   0x00008050   0x00000004   PAD
    0x20000140        -       0x00000000   Zero   RW          337    HEAP                startup_sn32f240b.o
    0x20000140        -       0x00000200   Zero   RW          336    STACK               startup_sn32f240b.o



  Load Region LR$$.ARM.__at_0x0000FFFC (Base: 0x0000fffc, Size: 0x00000004, Max: 0x00000004, ABSOLUTE)

    Execution Region ER$$.ARM.__at_0x0000FFFC (Exec base: 0x0000fffc, Load base: 0x0000fffc, Size: 0x00000004, Max: 0x00000004, ABSOLUTE, UNINIT)

    Exec Addr    Load Addr    Size         Type   Attr      Idx    E Section Name        Object

    0x0000fffc   0x0000fffc   0x00000004   Code   RO          341    .ARM.__at_0x0000FFFC  startup_sn32f240b.o


==============================================================================

Image component sizes


      Code (inc. data)   RO Data    RW Data    ZI Data      Debug   Object Name

         0          0          0          0         88        620   hidram.o
       836         26          0          0          0       2787   hiduser.o
       452         58          0         16          0      42194   main.o
        56         30        192          0        512       1244   startup_sn32f240b.o
       268         38          0          4          0       1041   system_sn32f240b.o
         0          0        708          0          0       6406   usbdesc.o
       368         28          0          0          0       1537   usbepfunc.o
      1728        108          0          0          0      15412   usbhw.o
         0          0          0         56         56       1837   usbram.o
      2328        112          0          0          0       6502   usbuser.o
       112         12          0          0          0        998   utility.o

    ----------------------------------------------------------------------
      6150        412      26008         76        656      80578   Object Totals
         0          0         32          0          0          0   (incl. Generated)
         2          0      25076          0          0          0   (incl. Padding)

    ----------------------------------------------------------------------

      Code (inc. data)   RO Data    RW Data    ZI Data      Debug   Library Member Name

         8          0          0          0          0         68   __main.o
         0          0          0          0          0          0   __rtentry.o
        12          0          0          0          0          0   __rtentry2.o
         6          0          0          0          0          0   __rtentry4.o
        60          8          0          0          0          0   __scatter.o
        26          0          0          0          0          0   __scatter_copy.o
        28          0          0          0          0          0   __scatter_zi.o
       346          0          0          0          0         92   aeabi_sdiv.o
        16          0          0          0          0         68   exit.o
         6          0          0          0          0        136   heapauxi.o
         0          0          0          0          0          0   indicate_semi.o
         2          0          0          0          0          0   libinit.o
         2          0          0          0          0          0   libinit2.o
         2          0          0          0          0          0   libshutdown.o
         2          0          0          0          0          0   libshutdown2.o
         8          4          0          0         96         68   libspace.o
         2          0          0          0          0          0   rtexit.o
        10          0          0          0          0          0   rtexit2.o
        12          4          0          0          0         60   sys_exit.o
        62          0          0          0          0         80   sys_stackheap_outer.o
         2          0          0          0          0         68   use_no_semi.o

    ----------------------------------------------------------------------
       618         16          0          0        100        640   Library Totals
         6          0          0          0          4          0   (incl. Padding)

    ----------------------------------------------------------------------

      Code (inc. data)   RO Data    RW Data    ZI Data      Debug   Library Name

       612         16          0          0         96        640   c_p.l

    ----------------------------------------------------------------------
       618         16          0          0        100        640   Library Totals

    ----------------------------------------------------------------------

==============================================================================


      Code (inc. data)   RO Data    RW Data    ZI Data      Debug   

      6768        428      26008         76        756      80274   Grand Totals
      6768        428      26008         76        756      80274   ELF Image Totals
      6768        428      26008         76          0          0   ROM Totals

==============================================================================

    Total RO  Size (Code + RO Data)                32776 (  32.01kB)
    Total RW  Size (RW Data + ZI Data)               832 (   0.81kB)
    Total ROM Size (Code + RO Data + RW Data)      32852 (  32.08kB)

==============================================================================

