<html>
<body>
<pre>
<h1>µVision Build Log</h1>
<h2>Tool Versions:</h2>
IDE-Version: µVision V5.27.1.0
Copyright (C) 2019 ARM Ltd and ARM Germany GmbH. All rights reserved.
License Information: ming huang, huineng, LIC=D0D7S-LPFVY-CXIU6-DQHCX-7KGDZ-9EBWC
 
Tool Versions:
Toolchain:       MDK-ARM Plus  Version: 5.27.1.0
Toolchain Path:  C:\Keil_v5\ARM\ARMCC\Bin
C Compiler:      Armcc.exe V5.06 update 6 (build 750)
Assembler:       Armasm.exe V5.06 update 6 (build 750)
Linker/Locator:  ArmLink.exe V5.06 update 6 (build 750)
Library Manager: ArmAr.exe V5.06 update 6 (build 750)
Hex Converter:   FromElf.exe V5.06 update 6 (build 750)
CPU DLL:         SARMCM3.DLL V5.27.1.0
Dialog DLL:      DARMCM1.DLL V1.19.2.0
Target DLL:      SNLink\SNLINK.dll V1.0.0.3
Dialog DLL:      TARMCM1.DLL V1.14.1.0
 
<h2>Project:</h2>
F:\ProjectB\KEYBOARD\GamingKeyboard\SN32F240B_Demo.uvprojx
Project File Date:  01/19/2022

<h2>Output:</h2>
*** Using Compiler 'V5.06 update 6 (build 750)', folder: 'C:\Keil_v5\ARM\ARMCC\Bin'
Build target 'SN32F240B'
compiling main.c...
linking...
Program Size: Code=9504 RO-data=23272 RW-data=280 ZI-data=752  
FromELF: creating hex file...
After Build - User command #1: HexConvert.exe SN32F240B "F:\ProjectB\KEYBOARD\GamingKeyboard\obj\SN32F240B.HEX" 0
INI_Ver = V31
EXE_Ver = V21
CheckSum = 0x136F
".\obj\SN32F240B.axf" - 0 Error(s), 0 Warning(s).

<h2>Software Packages used:</h2>

Package Vendor: ARM
                http://www.keil.com/pack/ARM.CMSIS.5.6.0.pack
                ARM.CMSIS.5.6.0
                CMSIS (Cortex Microcontroller Software Interface Standard)
   * Component: CORE Version: 5.3.0

Package Vendor: SONiX
                http://liveupdate.sonix.com.tw/sonix/develop_tool/MCU/DFP/SONiX.SN32F2_DFP.1.3.2.pack
                SONiX.SN32F2_DFP.1.3.2
                SONiX SN32F2 Series Device Support and Examples
   * Component: Startup Version: 1.1.1

<h2>Collection of Component include folders:</h2>
  .\RTE\_SN32F240B
  C:\Users\hmh41\AppData\Local\Arm\Packs\ARM\CMSIS\5.6.0\CMSIS\Core\Include
  C:\Users\hmh41\AppData\Local\Arm\Packs\SONiX\SN32F2_DFP\1.3.2\Device\Include

<h2>Collection of Component Files used:</h2>

   * Component: ARM::CMSIS:CORE:5.3.0

   * Component: SONiX::Device:Startup:1.1.1
      Source file:   Device\Source\system_SN32F240B.c
      Source file:   Device\Source\ARM\startup_SN32F240B.s
Build Time Elapsed:  00:00:04
</pre>
</body>
</html>
