<!doctype html public "-//w3c//dtd html 4.0 transitional//en">
<html><head>
<title>Static Call Graph - [.\obj\SN32F240B.axf]</title></head>
<body><HR>
<H1>Static Call Graph for image .\obj\SN32F240B.axf</H1><HR>
<BR><P>#&#060CALLGRAPH&#062# ARM Linker, 5060750: Last Updated: Sun Jan 09 15:04:13 2022
<BR><P>
<H3>Maximum Stack Usage =         92 bytes + Unknown(Functions without stacksize, Cycles, Untraceable Function Pointers)</H3><H3>
Call chain for Maximum Stack Depth:</H3>
USB_IRQHandler &rArr; USB_EP0SetupEvent &rArr; USB_StandardRequest &rArr; USB_GetDescriptorEvent &rArr; USB_TableTransmit &rArr; USB_Comb_Bytetoword
<P>
<H3>
Functions with no stack information
</H3><UL>
 <LI><a href="#[83]">__user_initial_stackheap</a>
</UL>
</UL>
<P>
<H3>
Mutually Recursive functions
</H3> <LI><a href="#[6]">NMI_Handler</a>&nbsp;&nbsp;&nbsp;&rArr;&nbsp;&nbsp;&nbsp;<a href="#[6]">NMI_Handler</a><BR>
 <LI><a href="#[8]">SVC_Handler</a>&nbsp;&nbsp;&nbsp;&rArr;&nbsp;&nbsp;&nbsp;<a href="#[8]">SVC_Handler</a><BR>
 <LI><a href="#[9]">PendSV_Handler</a>&nbsp;&nbsp;&nbsp;&rArr;&nbsp;&nbsp;&nbsp;<a href="#[9]">PendSV_Handler</a><BR>
 <LI><a href="#[14]">ADC_IRQHandler</a>&nbsp;&nbsp;&nbsp;&rArr;&nbsp;&nbsp;&nbsp;<a href="#[14]">ADC_IRQHandler</a><BR>
</UL>
<P>
<H3>
Function Pointers
</H3><UL>
 <LI><a href="#[14]">ADC_IRQHandler</a> from startup_sn32f240b.o(.text) referenced from startup_sn32f240b.o(RESET)
 <LI><a href="#[12]">CT16B0_IRQHandler</a> from startup_sn32f240b.o(.text) referenced from startup_sn32f240b.o(RESET)
 <LI><a href="#[13]">CT16B1_IRQHandler</a> from startup_sn32f240b.o(.text) referenced from startup_sn32f240b.o(RESET)
 <LI><a href="#[7]">HardFault_Handler</a> from main.o(.text) referenced from startup_sn32f240b.o(RESET)
 <LI><a href="#[e]">I2C0_IRQHandler</a> from startup_sn32f240b.o(.text) referenced from startup_sn32f240b.o(RESET)
 <LI><a href="#[16]">LVD_IRQHandler</a> from startup_sn32f240b.o(.text) referenced from startup_sn32f240b.o(RESET)
 <LI><a href="#[b]">NDT_IRQHandler</a> from main.o(.text) referenced from startup_sn32f240b.o(RESET)
 <LI><a href="#[6]">NMI_Handler</a> from startup_sn32f240b.o(.text) referenced from startup_sn32f240b.o(RESET)
 <LI><a href="#[1a]">P0_IRQHandler</a> from startup_sn32f240b.o(.text) referenced from startup_sn32f240b.o(RESET)
 <LI><a href="#[19]">P1_IRQHandler</a> from startup_sn32f240b.o(.text) referenced from startup_sn32f240b.o(RESET)
 <LI><a href="#[18]">P2_IRQHandler</a> from startup_sn32f240b.o(.text) referenced from startup_sn32f240b.o(RESET)
 <LI><a href="#[17]">P3_IRQHandler</a> from startup_sn32f240b.o(.text) referenced from startup_sn32f240b.o(RESET)
 <LI><a href="#[9]">PendSV_Handler</a> from startup_sn32f240b.o(.text) referenced from startup_sn32f240b.o(RESET)
 <LI><a href="#[5]">Reset_Handler</a> from startup_sn32f240b.o(.text) referenced from startup_sn32f240b.o(RESET)
 <LI><a href="#[d]">SPI0_IRQHandler</a> from startup_sn32f240b.o(.text) referenced from startup_sn32f240b.o(RESET)
 <LI><a href="#[8]">SVC_Handler</a> from startup_sn32f240b.o(.text) referenced from startup_sn32f240b.o(RESET)
 <LI><a href="#[a]">SysTick_Handler</a> from systick.o(.text) referenced from startup_sn32f240b.o(RESET)
 <LI><a href="#[f]">UART0_IRQHandler</a> from startup_sn32f240b.o(.text) referenced from startup_sn32f240b.o(RESET)
 <LI><a href="#[10]">UART1_IRQHandler</a> from startup_sn32f240b.o(.text) referenced from startup_sn32f240b.o(RESET)
 <LI><a href="#[11]">UART2_IRQHandler</a> from startup_sn32f240b.o(.text) referenced from startup_sn32f240b.o(RESET)
 <LI><a href="#[c]">USB_IRQHandler</a> from usbhw.o(.text) referenced from startup_sn32f240b.o(RESET)
 <LI><a href="#[15]">WDT_IRQHandler</a> from startup_sn32f240b.o(.text) referenced from startup_sn32f240b.o(RESET)
 <LI><a href="#[1c]">__main</a> from __main.o(!!!main) referenced from startup_sn32f240b.o(.text)
</UL>
<P>
<H3>
Global Symbols
</H3>
<P><STRONG><a name="[1c]"></a>__main</STRONG> (Thumb, 8 bytes, Stack size 0 bytes, __main.o(!!!main))
<BR><BR>[Calls]<UL><LI><a href="#[1e]">&gt;&gt;</a>&nbsp;&nbsp;&nbsp;__rt_entry
<LI><a href="#[1d]">&gt;&gt;</a>&nbsp;&nbsp;&nbsp;__scatterload
</UL>

<P><STRONG><a name="[1d]"></a>__scatterload</STRONG> (Thumb, 0 bytes, Stack size unknown bytes, __scatter.o(!!!scatter))
<BR><BR>[Called By]<UL><LI><a href="#[1c]">&gt;&gt;</a>&nbsp;&nbsp;&nbsp;__main
</UL>

<P><STRONG><a name="[1f]"></a>__scatterload_rt2</STRONG> (Thumb, 52 bytes, Stack size unknown bytes, __scatter.o(!!!scatter), UNUSED)
<BR><BR>[Calls]<UL><LI><a href="#[1e]">&gt;&gt;</a>&nbsp;&nbsp;&nbsp;__rt_entry
</UL>

<P><STRONG><a name="[86]"></a>__scatterload_rt2_thumb_only</STRONG> (Thumb, 0 bytes, Stack size unknown bytes, __scatter.o(!!!scatter), UNUSED)

<P><STRONG><a name="[87]"></a>__scatterload_null</STRONG> (Thumb, 0 bytes, Stack size unknown bytes, __scatter.o(!!!scatter), UNUSED)

<P><STRONG><a name="[20]"></a>__scatterload_copy</STRONG> (Thumb, 26 bytes, Stack size unknown bytes, __scatter_copy.o(!!handler_copy), UNUSED)
<BR><BR>[Calls]<UL><LI><a href="#[20]">&gt;&gt;</a>&nbsp;&nbsp;&nbsp;__scatterload_copy
</UL>
<BR>[Called By]<UL><LI><a href="#[20]">&gt;&gt;</a>&nbsp;&nbsp;&nbsp;__scatterload_copy
</UL>

<P><STRONG><a name="[88]"></a>__scatterload_zeroinit</STRONG> (Thumb, 28 bytes, Stack size unknown bytes, __scatter_zi.o(!!handler_zi), UNUSED)

<P><STRONG><a name="[24]"></a>__rt_lib_init</STRONG> (Thumb, 0 bytes, Stack size unknown bytes, libinit.o(.ARM.Collect$$libinit$$00000000))
<BR><BR>[Called By]<UL><LI><a href="#[23]">&gt;&gt;</a>&nbsp;&nbsp;&nbsp;__rt_entry_li
</UL>

<P><STRONG><a name="[89]"></a>__rt_lib_init_alloca_1</STRONG> (Thumb, 0 bytes, Stack size unknown bytes, libinit2.o(.ARM.Collect$$libinit$$0000002E))

<P><STRONG><a name="[8a]"></a>__rt_lib_init_argv_1</STRONG> (Thumb, 0 bytes, Stack size unknown bytes, libinit2.o(.ARM.Collect$$libinit$$0000002C))

<P><STRONG><a name="[8b]"></a>__rt_lib_init_atexit_1</STRONG> (Thumb, 0 bytes, Stack size unknown bytes, libinit2.o(.ARM.Collect$$libinit$$0000001B))

<P><STRONG><a name="[8c]"></a>__rt_lib_init_clock_1</STRONG> (Thumb, 0 bytes, Stack size unknown bytes, libinit2.o(.ARM.Collect$$libinit$$00000021))

<P><STRONG><a name="[8d]"></a>__rt_lib_init_cpp_1</STRONG> (Thumb, 0 bytes, Stack size unknown bytes, libinit2.o(.ARM.Collect$$libinit$$00000032))

<P><STRONG><a name="[8e]"></a>__rt_lib_init_exceptions_1</STRONG> (Thumb, 0 bytes, Stack size unknown bytes, libinit2.o(.ARM.Collect$$libinit$$00000030))

<P><STRONG><a name="[8f]"></a>__rt_lib_init_fp_1</STRONG> (Thumb, 0 bytes, Stack size unknown bytes, libinit2.o(.ARM.Collect$$libinit$$00000002))

<P><STRONG><a name="[90]"></a>__rt_lib_init_fp_trap_1</STRONG> (Thumb, 0 bytes, Stack size unknown bytes, libinit2.o(.ARM.Collect$$libinit$$0000001F))

<P><STRONG><a name="[91]"></a>__rt_lib_init_getenv_1</STRONG> (Thumb, 0 bytes, Stack size unknown bytes, libinit2.o(.ARM.Collect$$libinit$$00000023))

<P><STRONG><a name="[92]"></a>__rt_lib_init_heap_1</STRONG> (Thumb, 0 bytes, Stack size unknown bytes, libinit2.o(.ARM.Collect$$libinit$$0000000A))

<P><STRONG><a name="[93]"></a>__rt_lib_init_lc_collate_1</STRONG> (Thumb, 0 bytes, Stack size unknown bytes, libinit2.o(.ARM.Collect$$libinit$$00000011))

<P><STRONG><a name="[94]"></a>__rt_lib_init_lc_ctype_1</STRONG> (Thumb, 0 bytes, Stack size unknown bytes, libinit2.o(.ARM.Collect$$libinit$$00000013))

<P><STRONG><a name="[95]"></a>__rt_lib_init_lc_monetary_1</STRONG> (Thumb, 0 bytes, Stack size unknown bytes, libinit2.o(.ARM.Collect$$libinit$$00000015))

<P><STRONG><a name="[96]"></a>__rt_lib_init_lc_numeric_1</STRONG> (Thumb, 0 bytes, Stack size unknown bytes, libinit2.o(.ARM.Collect$$libinit$$00000017))

<P><STRONG><a name="[97]"></a>__rt_lib_init_lc_time_1</STRONG> (Thumb, 0 bytes, Stack size unknown bytes, libinit2.o(.ARM.Collect$$libinit$$00000019))

<P><STRONG><a name="[98]"></a>__rt_lib_init_preinit_1</STRONG> (Thumb, 0 bytes, Stack size unknown bytes, libinit2.o(.ARM.Collect$$libinit$$00000004))

<P><STRONG><a name="[99]"></a>__rt_lib_init_rand_1</STRONG> (Thumb, 0 bytes, Stack size unknown bytes, libinit2.o(.ARM.Collect$$libinit$$0000000E))

<P><STRONG><a name="[9a]"></a>__rt_lib_init_return</STRONG> (Thumb, 0 bytes, Stack size unknown bytes, libinit2.o(.ARM.Collect$$libinit$$00000033))

<P><STRONG><a name="[9b]"></a>__rt_lib_init_signal_1</STRONG> (Thumb, 0 bytes, Stack size unknown bytes, libinit2.o(.ARM.Collect$$libinit$$0000001D))

<P><STRONG><a name="[9c]"></a>__rt_lib_init_stdio_1</STRONG> (Thumb, 0 bytes, Stack size unknown bytes, libinit2.o(.ARM.Collect$$libinit$$00000025))

<P><STRONG><a name="[9d]"></a>__rt_lib_init_user_alloc_1</STRONG> (Thumb, 0 bytes, Stack size unknown bytes, libinit2.o(.ARM.Collect$$libinit$$0000000C))

<P><STRONG><a name="[29]"></a>__rt_lib_shutdown</STRONG> (Thumb, 0 bytes, Stack size unknown bytes, libshutdown.o(.ARM.Collect$$libshutdown$$00000000))
<BR><BR>[Called By]<UL><LI><a href="#[28]">&gt;&gt;</a>&nbsp;&nbsp;&nbsp;__rt_exit_ls
</UL>

<P><STRONG><a name="[9e]"></a>__rt_lib_shutdown_cpp_1</STRONG> (Thumb, 0 bytes, Stack size unknown bytes, libshutdown2.o(.ARM.Collect$$libshutdown$$00000002))

<P><STRONG><a name="[9f]"></a>__rt_lib_shutdown_fp_trap_1</STRONG> (Thumb, 0 bytes, Stack size unknown bytes, libshutdown2.o(.ARM.Collect$$libshutdown$$00000007))

<P><STRONG><a name="[a0]"></a>__rt_lib_shutdown_heap_1</STRONG> (Thumb, 0 bytes, Stack size unknown bytes, libshutdown2.o(.ARM.Collect$$libshutdown$$0000000F))

<P><STRONG><a name="[a1]"></a>__rt_lib_shutdown_return</STRONG> (Thumb, 0 bytes, Stack size unknown bytes, libshutdown2.o(.ARM.Collect$$libshutdown$$00000010))

<P><STRONG><a name="[a2]"></a>__rt_lib_shutdown_signal_1</STRONG> (Thumb, 0 bytes, Stack size unknown bytes, libshutdown2.o(.ARM.Collect$$libshutdown$$0000000A))

<P><STRONG><a name="[a3]"></a>__rt_lib_shutdown_stdio_1</STRONG> (Thumb, 0 bytes, Stack size unknown bytes, libshutdown2.o(.ARM.Collect$$libshutdown$$00000004))

<P><STRONG><a name="[a4]"></a>__rt_lib_shutdown_user_alloc_1</STRONG> (Thumb, 0 bytes, Stack size unknown bytes, libshutdown2.o(.ARM.Collect$$libshutdown$$0000000C))

<P><STRONG><a name="[1e]"></a>__rt_entry</STRONG> (Thumb, 0 bytes, Stack size unknown bytes, __rtentry.o(.ARM.Collect$$rtentry$$00000000))
<BR><BR>[Called By]<UL><LI><a href="#[1c]">&gt;&gt;</a>&nbsp;&nbsp;&nbsp;__main
<LI><a href="#[1f]">&gt;&gt;</a>&nbsp;&nbsp;&nbsp;__scatterload_rt2
</UL>

<P><STRONG><a name="[a5]"></a>__rt_entry_presh_1</STRONG> (Thumb, 0 bytes, Stack size unknown bytes, __rtentry2.o(.ARM.Collect$$rtentry$$00000002))

<P><STRONG><a name="[21]"></a>__rt_entry_sh</STRONG> (Thumb, 0 bytes, Stack size unknown bytes, __rtentry4.o(.ARM.Collect$$rtentry$$00000004))
<BR><BR>[Stack]<UL><LI>Max Depth = 8 + Unknown Stack Size
<LI>Call Chain = __rt_entry_sh &rArr; __user_setup_stackheap
</UL>
<BR>[Calls]<UL><LI><a href="#[22]">&gt;&gt;</a>&nbsp;&nbsp;&nbsp;__user_setup_stackheap
</UL>

<P><STRONG><a name="[23]"></a>__rt_entry_li</STRONG> (Thumb, 0 bytes, Stack size unknown bytes, __rtentry2.o(.ARM.Collect$$rtentry$$0000000A))
<BR><BR>[Calls]<UL><LI><a href="#[24]">&gt;&gt;</a>&nbsp;&nbsp;&nbsp;__rt_lib_init
</UL>

<P><STRONG><a name="[a6]"></a>__rt_entry_postsh_1</STRONG> (Thumb, 0 bytes, Stack size unknown bytes, __rtentry2.o(.ARM.Collect$$rtentry$$00000009))

<P><STRONG><a name="[25]"></a>__rt_entry_main</STRONG> (Thumb, 0 bytes, Stack size unknown bytes, __rtentry2.o(.ARM.Collect$$rtentry$$0000000D))
<BR><BR>[Stack]<UL><LI>Max Depth = 80 + Unknown Stack Size
<LI>Call Chain = __rt_entry_main &rArr; main &rArr; SendKeyCode &rArr; USB_EPnINFunction &rArr; USB_EPnAck
</UL>
<BR>[Calls]<UL><LI><a href="#[27]">&gt;&gt;</a>&nbsp;&nbsp;&nbsp;exit
<LI><a href="#[26]">&gt;&gt;</a>&nbsp;&nbsp;&nbsp;main
</UL>

<P><STRONG><a name="[a7]"></a>__rt_entry_postli_1</STRONG> (Thumb, 0 bytes, Stack size unknown bytes, __rtentry2.o(.ARM.Collect$$rtentry$$0000000C))

<P><STRONG><a name="[85]"></a>__rt_exit</STRONG> (Thumb, 0 bytes, Stack size unknown bytes, rtexit.o(.ARM.Collect$$rtexit$$00000000))
<BR><BR>[Called By]<UL><LI><a href="#[27]">&gt;&gt;</a>&nbsp;&nbsp;&nbsp;exit
</UL>

<P><STRONG><a name="[28]"></a>__rt_exit_ls</STRONG> (Thumb, 0 bytes, Stack size unknown bytes, rtexit2.o(.ARM.Collect$$rtexit$$00000003))
<BR><BR>[Calls]<UL><LI><a href="#[29]">&gt;&gt;</a>&nbsp;&nbsp;&nbsp;__rt_lib_shutdown
</UL>

<P><STRONG><a name="[a8]"></a>__rt_exit_prels_1</STRONG> (Thumb, 0 bytes, Stack size unknown bytes, rtexit2.o(.ARM.Collect$$rtexit$$00000002))

<P><STRONG><a name="[2a]"></a>__rt_exit_exit</STRONG> (Thumb, 0 bytes, Stack size unknown bytes, rtexit2.o(.ARM.Collect$$rtexit$$00000004))
<BR><BR>[Calls]<UL><LI><a href="#[2b]">&gt;&gt;</a>&nbsp;&nbsp;&nbsp;_sys_exit
</UL>

<P><STRONG><a name="[74]"></a>Goto_Bootloader</STRONG> (Thumb, 8 bytes, Stack size 0 bytes, usbuser.o(.emb_text))
<BR><BR>[Called By]<UL><LI><a href="#[47]">&gt;&gt;</a>&nbsp;&nbsp;&nbsp;USB_EP0InEvent
</UL>

<P><STRONG><a name="[2c]"></a>SendKeyCode</STRONG> (Thumb, 84 bytes, Stack size 24 bytes, main.o(.text))
<BR><BR>[Stack]<UL><LI>Max Depth = 64<LI>Call Chain = SendKeyCode &rArr; USB_EPnINFunction &rArr; USB_EPnAck
</UL>
<BR>[Calls]<UL><LI><a href="#[2e]">&gt;&gt;</a>&nbsp;&nbsp;&nbsp;UT_MAIN_DelayNms
<LI><a href="#[2d]">&gt;&gt;</a>&nbsp;&nbsp;&nbsp;USB_EPnINFunction
</UL>
<BR>[Called By]<UL><LI><a href="#[26]">&gt;&gt;</a>&nbsp;&nbsp;&nbsp;main
</UL>

<P><STRONG><a name="[2f]"></a>releaseKeyCode</STRONG> (Thumb, 40 bytes, Stack size 8 bytes, main.o(.text))
<BR><BR>[Stack]<UL><LI>Max Depth = 48<LI>Call Chain = releaseKeyCode &rArr; USB_EPnINFunction &rArr; USB_EPnAck
</UL>
<BR>[Calls]<UL><LI><a href="#[2e]">&gt;&gt;</a>&nbsp;&nbsp;&nbsp;UT_MAIN_DelayNms
<LI><a href="#[2d]">&gt;&gt;</a>&nbsp;&nbsp;&nbsp;USB_EPnINFunction
</UL>
<BR>[Called By]<UL><LI><a href="#[26]">&gt;&gt;</a>&nbsp;&nbsp;&nbsp;main
</UL>

<P><STRONG><a name="[38]"></a>GPIO_Configuration</STRONG> (Thumb, 44 bytes, Stack size 0 bytes, main.o(.text))
<BR><BR>[Called By]<UL><LI><a href="#[26]">&gt;&gt;</a>&nbsp;&nbsp;&nbsp;main
</UL>

<P><STRONG><a name="[31]"></a>resetAllGpio</STRONG> (Thumb, 20 bytes, Stack size 0 bytes, main.o(.text))
<BR><BR>[Called By]<UL><LI><a href="#[30]">&gt;&gt;</a>&nbsp;&nbsp;&nbsp;readKeyboard
</UL>

<P><STRONG><a name="[30]"></a>readKeyboard</STRONG> (Thumb, 512 bytes, Stack size 8 bytes, main.o(.text))
<BR><BR>[Stack]<UL><LI>Max Depth = 8<LI>Call Chain = readKeyboard
</UL>
<BR>[Calls]<UL><LI><a href="#[32]">&gt;&gt;</a>&nbsp;&nbsp;&nbsp;GPIO_Set
<LI><a href="#[31]">&gt;&gt;</a>&nbsp;&nbsp;&nbsp;resetAllGpio
</UL>
<BR>[Called By]<UL><LI><a href="#[26]">&gt;&gt;</a>&nbsp;&nbsp;&nbsp;main
</UL>

<P><STRONG><a name="[36]"></a>NDT_Init</STRONG> (Thumb, 42 bytes, Stack size 0 bytes, main.o(.text))
<BR><BR>[Called By]<UL><LI><a href="#[26]">&gt;&gt;</a>&nbsp;&nbsp;&nbsp;main
</UL>

<P><STRONG><a name="[35]"></a>NotPinOut_GPIO_init</STRONG> (Thumb, 8 bytes, Stack size 0 bytes, main.o(.text))
<BR><BR>[Called By]<UL><LI><a href="#[26]">&gt;&gt;</a>&nbsp;&nbsp;&nbsp;main
</UL>

<P><STRONG><a name="[26]"></a>main</STRONG> (Thumb, 98 bytes, Stack size 16 bytes, main.o(.text))
<BR><BR>[Stack]<UL><LI>Max Depth = 80<LI>Call Chain = main &rArr; SendKeyCode &rArr; USB_EPnINFunction &rArr; USB_EPnAck
</UL>
<BR>[Calls]<UL><LI><a href="#[37]">&gt;&gt;</a>&nbsp;&nbsp;&nbsp;USB_Init
<LI><a href="#[33]">&gt;&gt;</a>&nbsp;&nbsp;&nbsp;SystemInit
<LI><a href="#[34]">&gt;&gt;</a>&nbsp;&nbsp;&nbsp;SystemCoreClockUpdate
<LI><a href="#[39]">&gt;&gt;</a>&nbsp;&nbsp;&nbsp;SysTick_Init
<LI><a href="#[35]">&gt;&gt;</a>&nbsp;&nbsp;&nbsp;NotPinOut_GPIO_init
<LI><a href="#[36]">&gt;&gt;</a>&nbsp;&nbsp;&nbsp;NDT_Init
<LI><a href="#[30]">&gt;&gt;</a>&nbsp;&nbsp;&nbsp;readKeyboard
<LI><a href="#[38]">&gt;&gt;</a>&nbsp;&nbsp;&nbsp;GPIO_Configuration
<LI><a href="#[2f]">&gt;&gt;</a>&nbsp;&nbsp;&nbsp;releaseKeyCode
<LI><a href="#[2c]">&gt;&gt;</a>&nbsp;&nbsp;&nbsp;SendKeyCode
</UL>
<BR>[Called By]<UL><LI><a href="#[25]">&gt;&gt;</a>&nbsp;&nbsp;&nbsp;__rt_entry_main
</UL>

<P><STRONG><a name="[b]"></a>NDT_IRQHandler</STRONG> (Thumb, 42 bytes, Stack size 0 bytes, main.o(.text))
<BR>[Address Reference Count : 1]<UL><LI> startup_sn32f240b.o(RESET)
</UL>
<P><STRONG><a name="[7]"></a>HardFault_Handler</STRONG> (Thumb, 48 bytes, Stack size 0 bytes, main.o(.text))
<BR>[Address Reference Count : 1]<UL><LI> startup_sn32f240b.o(RESET)
</UL>
<P><STRONG><a name="[a9]"></a>GPIO_Mode</STRONG> (Thumb, 142 bytes, Stack size 12 bytes, gpio.o(.text), UNUSED)

<P><STRONG><a name="[32]"></a>GPIO_Set</STRONG> (Thumb, 88 bytes, Stack size 0 bytes, gpio.o(.text))
<BR><BR>[Called By]<UL><LI><a href="#[30]">&gt;&gt;</a>&nbsp;&nbsp;&nbsp;readKeyboard
</UL>

<P><STRONG><a name="[aa]"></a>GPIO_Clr</STRONG> (Thumb, 88 bytes, Stack size 0 bytes, gpio.o(.text), UNUSED)

<P><STRONG><a name="[ab]"></a>GPIO_P0Trigger</STRONG> (Thumb, 76 bytes, Stack size 16 bytes, gpio.o(.text), UNUSED)

<P><STRONG><a name="[ac]"></a>GPIO_P1Trigger</STRONG> (Thumb, 76 bytes, Stack size 16 bytes, gpio.o(.text), UNUSED)

<P><STRONG><a name="[ad]"></a>GPIO_P2Trigger</STRONG> (Thumb, 76 bytes, Stack size 16 bytes, gpio.o(.text), UNUSED)

<P><STRONG><a name="[ae]"></a>GPIO_P3Trigger</STRONG> (Thumb, 76 bytes, Stack size 16 bytes, gpio.o(.text), UNUSED)

<P><STRONG><a name="[af]"></a>GPIO_IntClr</STRONG> (Thumb, 64 bytes, Stack size 0 bytes, gpio.o(.text), UNUSED)

<P><STRONG><a name="[b0]"></a>GPIO_Config</STRONG> (Thumb, 150 bytes, Stack size 12 bytes, gpio.o(.text), UNUSED)

<P><STRONG><a name="[b1]"></a>GPIO_IntStatus</STRONG> (Thumb, 72 bytes, Stack size 0 bytes, gpio.o(.text), UNUSED)

<P><STRONG><a name="[39]"></a>SysTick_Init</STRONG> (Thumb, 34 bytes, Stack size 8 bytes, systick.o(.text))
<BR><BR>[Stack]<UL><LI>Max Depth = 24<LI>Call Chain = SysTick_Init &rArr; SystemCoreClockUpdate &rArr; __ARM_common_switch8
</UL>
<BR>[Calls]<UL><LI><a href="#[3a]">&gt;&gt;</a>&nbsp;&nbsp;&nbsp;__aeabi_uidivmod
<LI><a href="#[34]">&gt;&gt;</a>&nbsp;&nbsp;&nbsp;SystemCoreClockUpdate
</UL>
<BR>[Called By]<UL><LI><a href="#[26]">&gt;&gt;</a>&nbsp;&nbsp;&nbsp;main
</UL>

<P><STRONG><a name="[a]"></a>SysTick_Handler</STRONG> (Thumb, 8 bytes, Stack size 0 bytes, systick.o(.text))
<BR>[Address Reference Count : 1]<UL><LI> startup_sn32f240b.o(RESET)
</UL>
<P><STRONG><a name="[3c]"></a>UT_INT_DelayNx10us</STRONG> (Thumb, 22 bytes, Stack size 0 bytes, utility.o(.text), UNUSED)
<BR><BR>[Called By]<UL><LI><a href="#[3b]">&gt;&gt;</a>&nbsp;&nbsp;&nbsp;UT_INT_DelayNms
</UL>

<P><STRONG><a name="[3b]"></a>UT_INT_DelayNms</STRONG> (Thumb, 28 bytes, Stack size 4 bytes, utility.o(.text), UNUSED)
<BR><BR>[Calls]<UL><LI><a href="#[3c]">&gt;&gt;</a>&nbsp;&nbsp;&nbsp;UT_INT_DelayNx10us
</UL>

<P><STRONG><a name="[3d]"></a>UT_MAIN_DelayNx10us</STRONG> (Thumb, 22 bytes, Stack size 0 bytes, utility.o(.text))
<BR><BR>[Called By]<UL><LI><a href="#[56]">&gt;&gt;</a>&nbsp;&nbsp;&nbsp;USB_Suspend
<LI><a href="#[2e]">&gt;&gt;</a>&nbsp;&nbsp;&nbsp;UT_MAIN_DelayNms
</UL>

<P><STRONG><a name="[2e]"></a>UT_MAIN_DelayNms</STRONG> (Thumb, 28 bytes, Stack size 4 bytes, utility.o(.text))
<BR><BR>[Stack]<UL><LI>Max Depth = 4<LI>Call Chain = UT_MAIN_DelayNms
</UL>
<BR>[Calls]<UL><LI><a href="#[3d]">&gt;&gt;</a>&nbsp;&nbsp;&nbsp;UT_MAIN_DelayNx10us
</UL>
<BR>[Called By]<UL><LI><a href="#[37]">&gt;&gt;</a>&nbsp;&nbsp;&nbsp;USB_Init
<LI><a href="#[2f]">&gt;&gt;</a>&nbsp;&nbsp;&nbsp;releaseKeyCode
<LI><a href="#[2c]">&gt;&gt;</a>&nbsp;&nbsp;&nbsp;SendKeyCode
</UL>

<P><STRONG><a name="[40]"></a>USB_EPnBufferOffset</STRONG> (Thumb, 20 bytes, Stack size 0 bytes, usbhw.o(.text))
<BR><BR>[Called By]<UL><LI><a href="#[37]">&gt;&gt;</a>&nbsp;&nbsp;&nbsp;USB_Init
</UL>

<P><STRONG><a name="[37]"></a>USB_Init</STRONG> (Thumb, 194 bytes, Stack size 16 bytes, usbhw.o(.text))
<BR><BR>[Stack]<UL><LI>Max Depth = 32<LI>Call Chain = USB_Init &rArr; SystemCoreClockUpdate &rArr; __ARM_common_switch8
</UL>
<BR>[Calls]<UL><LI><a href="#[3e]">&gt;&gt;</a>&nbsp;&nbsp;&nbsp;USB_StandardVar_Init
<LI><a href="#[3f]">&gt;&gt;</a>&nbsp;&nbsp;&nbsp;USB_HidVar_Init
<LI><a href="#[40]">&gt;&gt;</a>&nbsp;&nbsp;&nbsp;USB_EPnBufferOffset
<LI><a href="#[2e]">&gt;&gt;</a>&nbsp;&nbsp;&nbsp;UT_MAIN_DelayNms
<LI><a href="#[33]">&gt;&gt;</a>&nbsp;&nbsp;&nbsp;SystemInit
<LI><a href="#[34]">&gt;&gt;</a>&nbsp;&nbsp;&nbsp;SystemCoreClockUpdate
</UL>
<BR>[Called By]<UL><LI><a href="#[26]">&gt;&gt;</a>&nbsp;&nbsp;&nbsp;main
</UL>

<P><STRONG><a name="[57]"></a>Remote_Wakeup_Setting</STRONG> (Thumb, 2 bytes, Stack size 0 bytes, usbhw.o(.text), UNUSED)
<BR><BR>[Called By]<UL><LI><a href="#[56]">&gt;&gt;</a>&nbsp;&nbsp;&nbsp;USB_Suspend
</UL>

<P><STRONG><a name="[51]"></a>USB_EP4NakEvent</STRONG> (Thumb, 10 bytes, Stack size 0 bytes, usbhw.o(.text))
<BR><BR>[Called By]<UL><LI><a href="#[c]">&gt;&gt;</a>&nbsp;&nbsp;&nbsp;USB_IRQHandler
</UL>

<P><STRONG><a name="[50]"></a>USB_EP3NakEvent</STRONG> (Thumb, 10 bytes, Stack size 0 bytes, usbhw.o(.text))
<BR><BR>[Called By]<UL><LI><a href="#[c]">&gt;&gt;</a>&nbsp;&nbsp;&nbsp;USB_IRQHandler
</UL>

<P><STRONG><a name="[4f]"></a>USB_EP2NakEvent</STRONG> (Thumb, 10 bytes, Stack size 0 bytes, usbhw.o(.text))
<BR><BR>[Called By]<UL><LI><a href="#[c]">&gt;&gt;</a>&nbsp;&nbsp;&nbsp;USB_IRQHandler
</UL>

<P><STRONG><a name="[4e]"></a>USB_EP1NakEvent</STRONG> (Thumb, 10 bytes, Stack size 0 bytes, usbhw.o(.text))
<BR><BR>[Called By]<UL><LI><a href="#[c]">&gt;&gt;</a>&nbsp;&nbsp;&nbsp;USB_IRQHandler
</UL>

<P><STRONG><a name="[4d]"></a>USB_EP4AckEvent</STRONG> (Thumb, 12 bytes, Stack size 0 bytes, usbhw.o(.text))
<BR><BR>[Called By]<UL><LI><a href="#[c]">&gt;&gt;</a>&nbsp;&nbsp;&nbsp;USB_IRQHandler
</UL>

<P><STRONG><a name="[4c]"></a>USB_EP3AckEvent</STRONG> (Thumb, 12 bytes, Stack size 0 bytes, usbhw.o(.text))
<BR><BR>[Called By]<UL><LI><a href="#[c]">&gt;&gt;</a>&nbsp;&nbsp;&nbsp;USB_IRQHandler
</UL>

<P><STRONG><a name="[4b]"></a>USB_EP2AckEvent</STRONG> (Thumb, 12 bytes, Stack size 0 bytes, usbhw.o(.text))
<BR><BR>[Called By]<UL><LI><a href="#[c]">&gt;&gt;</a>&nbsp;&nbsp;&nbsp;USB_IRQHandler
</UL>

<P><STRONG><a name="[4a]"></a>USB_EP1AckEvent</STRONG> (Thumb, 12 bytes, Stack size 0 bytes, usbhw.o(.text))
<BR><BR>[Called By]<UL><LI><a href="#[c]">&gt;&gt;</a>&nbsp;&nbsp;&nbsp;USB_IRQHandler
</UL>

<P><STRONG><a name="[49]"></a>USB_EPnStall</STRONG> (Thumb, 46 bytes, Stack size 0 bytes, usbhw.o(.text))
<BR><BR>[Called By]<UL><LI><a href="#[81]">&gt;&gt;</a>&nbsp;&nbsp;&nbsp;HID_GetReportEvent
<LI><a href="#[7b]">&gt;&gt;</a>&nbsp;&nbsp;&nbsp;HID_GetIdleEvent
<LI><a href="#[7a]">&gt;&gt;</a>&nbsp;&nbsp;&nbsp;HID_GetProtocolEvent
<LI><a href="#[79]">&gt;&gt;</a>&nbsp;&nbsp;&nbsp;HID_SetReportEvent
<LI><a href="#[76]">&gt;&gt;</a>&nbsp;&nbsp;&nbsp;HID_SetIdleEvent
<LI><a href="#[75]">&gt;&gt;</a>&nbsp;&nbsp;&nbsp;HID_SetProtocolEvent
<LI><a href="#[73]">&gt;&gt;</a>&nbsp;&nbsp;&nbsp;USB_HIDRequest
<LI><a href="#[70]">&gt;&gt;</a>&nbsp;&nbsp;&nbsp;USB_StandardRequest
<LI><a href="#[6f]">&gt;&gt;</a>&nbsp;&nbsp;&nbsp;USB_GetStatusEvent
<LI><a href="#[6e]">&gt;&gt;</a>&nbsp;&nbsp;&nbsp;USB_ClearFeatureEvent
<LI><a href="#[6d]">&gt;&gt;</a>&nbsp;&nbsp;&nbsp;USB_SetFeatureEvent
<LI><a href="#[6b]">&gt;&gt;</a>&nbsp;&nbsp;&nbsp;USB_GetDescriptorEvent
<LI><a href="#[68]">&gt;&gt;</a>&nbsp;&nbsp;&nbsp;USB_SetDescriptorEvent
<LI><a href="#[65]">&gt;&gt;</a>&nbsp;&nbsp;&nbsp;USB_SetConfigurationEvent
<LI><a href="#[63]">&gt;&gt;</a>&nbsp;&nbsp;&nbsp;USB_GetInterfaceEvent
<LI><a href="#[60]">&gt;&gt;</a>&nbsp;&nbsp;&nbsp;USB_SetInterfaceEvent
<LI><a href="#[43]">&gt;&gt;</a>&nbsp;&nbsp;&nbsp;USB_ResetEvent
<LI><a href="#[46]">&gt;&gt;</a>&nbsp;&nbsp;&nbsp;USB_EP0SetupEvent
<LI><a href="#[47]">&gt;&gt;</a>&nbsp;&nbsp;&nbsp;USB_EP0InEvent
<LI><a href="#[c]">&gt;&gt;</a>&nbsp;&nbsp;&nbsp;USB_IRQHandler
<LI><a href="#[2d]">&gt;&gt;</a>&nbsp;&nbsp;&nbsp;USB_EPnINFunction
</UL>

<P><STRONG><a name="[41]"></a>USB_ReturntoNormal</STRONG> (Thumb, 28 bytes, Stack size 8 bytes, usbhw.o(.text))
<BR><BR>[Stack]<UL><LI>Max Depth = 24<LI>Call Chain = USB_ReturntoNormal &rArr; SystemCoreClockUpdate &rArr; __ARM_common_switch8
</UL>
<BR>[Calls]<UL><LI><a href="#[42]">&gt;&gt;</a>&nbsp;&nbsp;&nbsp;USB_WakeupEvent
<LI><a href="#[33]">&gt;&gt;</a>&nbsp;&nbsp;&nbsp;SystemInit
<LI><a href="#[34]">&gt;&gt;</a>&nbsp;&nbsp;&nbsp;SystemCoreClockUpdate
</UL>
<BR>[Called By]<UL><LI><a href="#[56]">&gt;&gt;</a>&nbsp;&nbsp;&nbsp;USB_Suspend
<LI><a href="#[c]">&gt;&gt;</a>&nbsp;&nbsp;&nbsp;USB_IRQHandler
</UL>

<P><STRONG><a name="[c]"></a>USB_IRQHandler</STRONG> (Thumb, 332 bytes, Stack size 8 bytes, usbhw.o(.text))
<BR><BR>[Stack]<UL><LI>Max Depth = 92<LI>Call Chain = USB_IRQHandler &rArr; USB_EP0SetupEvent &rArr; USB_StandardRequest &rArr; USB_GetDescriptorEvent &rArr; USB_TableTransmit &rArr; USB_Comb_Bytetoword
</UL>
<BR>[Calls]<UL><LI><a href="#[44]">&gt;&gt;</a>&nbsp;&nbsp;&nbsp;USB_SuspendEvent
<LI><a href="#[52]">&gt;&gt;</a>&nbsp;&nbsp;&nbsp;USB_SOFEvent
<LI><a href="#[45]">&gt;&gt;</a>&nbsp;&nbsp;&nbsp;USB_ResumeEvent
<LI><a href="#[43]">&gt;&gt;</a>&nbsp;&nbsp;&nbsp;USB_ResetEvent
<LI><a href="#[46]">&gt;&gt;</a>&nbsp;&nbsp;&nbsp;USB_EP0SetupEvent
<LI><a href="#[48]">&gt;&gt;</a>&nbsp;&nbsp;&nbsp;USB_EP0OutEvent
<LI><a href="#[47]">&gt;&gt;</a>&nbsp;&nbsp;&nbsp;USB_EP0InEvent
<LI><a href="#[41]">&gt;&gt;</a>&nbsp;&nbsp;&nbsp;USB_ReturntoNormal
<LI><a href="#[49]">&gt;&gt;</a>&nbsp;&nbsp;&nbsp;USB_EPnStall
<LI><a href="#[4a]">&gt;&gt;</a>&nbsp;&nbsp;&nbsp;USB_EP1AckEvent
<LI><a href="#[4b]">&gt;&gt;</a>&nbsp;&nbsp;&nbsp;USB_EP2AckEvent
<LI><a href="#[4c]">&gt;&gt;</a>&nbsp;&nbsp;&nbsp;USB_EP3AckEvent
<LI><a href="#[4d]">&gt;&gt;</a>&nbsp;&nbsp;&nbsp;USB_EP4AckEvent
<LI><a href="#[4e]">&gt;&gt;</a>&nbsp;&nbsp;&nbsp;USB_EP1NakEvent
<LI><a href="#[4f]">&gt;&gt;</a>&nbsp;&nbsp;&nbsp;USB_EP2NakEvent
<LI><a href="#[50]">&gt;&gt;</a>&nbsp;&nbsp;&nbsp;USB_EP3NakEvent
<LI><a href="#[51]">&gt;&gt;</a>&nbsp;&nbsp;&nbsp;USB_EP4NakEvent
</UL>
<BR>[Address Reference Count : 1]<UL><LI> startup_sn32f240b.o(RESET)
</UL>
<P><STRONG><a name="[55]"></a>USB_DelayKstate</STRONG> (Thumb, 22 bytes, Stack size 0 bytes, usbhw.o(.text), UNUSED)
<BR><BR>[Called By]<UL><LI><a href="#[53]">&gt;&gt;</a>&nbsp;&nbsp;&nbsp;USB_RemoteWakeUp
</UL>

<P><STRONG><a name="[54]"></a>USB_DelayJstate</STRONG> (Thumb, 22 bytes, Stack size 0 bytes, usbhw.o(.text), UNUSED)
<BR><BR>[Called By]<UL><LI><a href="#[53]">&gt;&gt;</a>&nbsp;&nbsp;&nbsp;USB_RemoteWakeUp
</UL>

<P><STRONG><a name="[53]"></a>USB_RemoteWakeUp</STRONG> (Thumb, 44 bytes, Stack size 4 bytes, usbhw.o(.text), UNUSED)
<BR><BR>[Calls]<UL><LI><a href="#[54]">&gt;&gt;</a>&nbsp;&nbsp;&nbsp;USB_DelayJstate
<LI><a href="#[55]">&gt;&gt;</a>&nbsp;&nbsp;&nbsp;USB_DelayKstate
</UL>
<BR>[Called By]<UL><LI><a href="#[56]">&gt;&gt;</a>&nbsp;&nbsp;&nbsp;USB_Suspend
</UL>

<P><STRONG><a name="[58]"></a>USB_SwitchtoSlow</STRONG> (Thumb, 48 bytes, Stack size 0 bytes, usbhw.o(.text), UNUSED)
<BR><BR>[Called By]<UL><LI><a href="#[56]">&gt;&gt;</a>&nbsp;&nbsp;&nbsp;USB_Suspend
</UL>

<P><STRONG><a name="[56]"></a>USB_Suspend</STRONG> (Thumb, 284 bytes, Stack size 8 bytes, usbhw.o(.text), UNUSED)
<BR><BR>[Calls]<UL><LI><a href="#[58]">&gt;&gt;</a>&nbsp;&nbsp;&nbsp;USB_SwitchtoSlow
<LI><a href="#[53]">&gt;&gt;</a>&nbsp;&nbsp;&nbsp;USB_RemoteWakeUp
<LI><a href="#[41]">&gt;&gt;</a>&nbsp;&nbsp;&nbsp;USB_ReturntoNormal
<LI><a href="#[57]">&gt;&gt;</a>&nbsp;&nbsp;&nbsp;Remote_Wakeup_Setting
<LI><a href="#[3d]">&gt;&gt;</a>&nbsp;&nbsp;&nbsp;UT_MAIN_DelayNx10us
</UL>

<P><STRONG><a name="[61]"></a>USB_ClrEPnToggle</STRONG> (Thumb, 16 bytes, Stack size 0 bytes, usbhw.o(.text))
<BR><BR>[Called By]<UL><LI><a href="#[60]">&gt;&gt;</a>&nbsp;&nbsp;&nbsp;USB_SetInterfaceEvent
</UL>

<P><STRONG><a name="[5f]"></a>USB_EPnDisable</STRONG> (Thumb, 22 bytes, Stack size 0 bytes, usbhw.o(.text))
<BR><BR>[Called By]<UL><LI><a href="#[65]">&gt;&gt;</a>&nbsp;&nbsp;&nbsp;USB_SetConfigurationEvent
<LI><a href="#[43]">&gt;&gt;</a>&nbsp;&nbsp;&nbsp;USB_ResetEvent
</UL>

<P><STRONG><a name="[66]"></a>USB_EPnNak</STRONG> (Thumb, 22 bytes, Stack size 0 bytes, usbhw.o(.text))
<BR><BR>[Called By]<UL><LI><a href="#[67]">&gt;&gt;</a>&nbsp;&nbsp;&nbsp;USB_GetConfigurationEvent
<LI><a href="#[65]">&gt;&gt;</a>&nbsp;&nbsp;&nbsp;USB_SetConfigurationEvent
<LI><a href="#[46]">&gt;&gt;</a>&nbsp;&nbsp;&nbsp;USB_EP0SetupEvent
</UL>

<P><STRONG><a name="[62]"></a>USB_EPnAck</STRONG> (Thumb, 28 bytes, Stack size 8 bytes, usbhw.o(.text))
<BR><BR>[Stack]<UL><LI>Max Depth = 8<LI>Call Chain = USB_EPnAck
</UL>
<BR>[Called By]<UL><LI><a href="#[80]">&gt;&gt;</a>&nbsp;&nbsp;&nbsp;HID_GetReportInputEvent
<LI><a href="#[7f]">&gt;&gt;</a>&nbsp;&nbsp;&nbsp;HID_GetReportOutputEvent
<LI><a href="#[7e]">&gt;&gt;</a>&nbsp;&nbsp;&nbsp;HID_GetReportFeatureEvent
<LI><a href="#[7d]">&gt;&gt;</a>&nbsp;&nbsp;&nbsp;HID_GetReportInputIF1Event
<LI><a href="#[7c]">&gt;&gt;</a>&nbsp;&nbsp;&nbsp;HID_GetReportInputIF2Event
<LI><a href="#[7b]">&gt;&gt;</a>&nbsp;&nbsp;&nbsp;HID_GetIdleEvent
<LI><a href="#[7a]">&gt;&gt;</a>&nbsp;&nbsp;&nbsp;HID_GetProtocolEvent
<LI><a href="#[78]">&gt;&gt;</a>&nbsp;&nbsp;&nbsp;HID_SetReportOutputEvent
<LI><a href="#[77]">&gt;&gt;</a>&nbsp;&nbsp;&nbsp;HID_SetReportFeatureEvent
<LI><a href="#[76]">&gt;&gt;</a>&nbsp;&nbsp;&nbsp;HID_SetIdleEvent
<LI><a href="#[75]">&gt;&gt;</a>&nbsp;&nbsp;&nbsp;HID_SetProtocolEvent
<LI><a href="#[6f]">&gt;&gt;</a>&nbsp;&nbsp;&nbsp;USB_GetStatusEvent
<LI><a href="#[6e]">&gt;&gt;</a>&nbsp;&nbsp;&nbsp;USB_ClearFeatureEvent
<LI><a href="#[6d]">&gt;&gt;</a>&nbsp;&nbsp;&nbsp;USB_SetFeatureEvent
<LI><a href="#[6c]">&gt;&gt;</a>&nbsp;&nbsp;&nbsp;USB_SetAddressEvent
<LI><a href="#[69]">&gt;&gt;</a>&nbsp;&nbsp;&nbsp;USB_TableTransmit
<LI><a href="#[67]">&gt;&gt;</a>&nbsp;&nbsp;&nbsp;USB_GetConfigurationEvent
<LI><a href="#[65]">&gt;&gt;</a>&nbsp;&nbsp;&nbsp;USB_SetConfigurationEvent
<LI><a href="#[63]">&gt;&gt;</a>&nbsp;&nbsp;&nbsp;USB_GetInterfaceEvent
<LI><a href="#[60]">&gt;&gt;</a>&nbsp;&nbsp;&nbsp;USB_SetInterfaceEvent
<LI><a href="#[48]">&gt;&gt;</a>&nbsp;&nbsp;&nbsp;USB_EP0OutEvent
<LI><a href="#[2d]">&gt;&gt;</a>&nbsp;&nbsp;&nbsp;USB_EPnINFunction
</UL>

<P><STRONG><a name="[5a]"></a>fnUSBMAIN_ReadFIFO</STRONG> (Thumb, 42 bytes, Stack size 0 bytes, usbhw.o(.text), UNUSED)
<BR><BR>[Called By]<UL><LI><a href="#[5c]">&gt;&gt;</a>&nbsp;&nbsp;&nbsp;USB_EPnWriteByteData
<LI><a href="#[5b]">&gt;&gt;</a>&nbsp;&nbsp;&nbsp;USB_EPnReadWordData
<LI><a href="#[59]">&gt;&gt;</a>&nbsp;&nbsp;&nbsp;USB_EPnReadByteData
</UL>

<P><STRONG><a name="[59]"></a>USB_EPnReadByteData</STRONG> (Thumb, 48 bytes, Stack size 16 bytes, usbhw.o(.text), UNUSED)
<BR><BR>[Calls]<UL><LI><a href="#[5a]">&gt;&gt;</a>&nbsp;&nbsp;&nbsp;fnUSBMAIN_ReadFIFO
</UL>

<P><STRONG><a name="[5b]"></a>USB_EPnReadWordData</STRONG> (Thumb, 40 bytes, Stack size 16 bytes, usbhw.o(.text), UNUSED)
<BR><BR>[Calls]<UL><LI><a href="#[5a]">&gt;&gt;</a>&nbsp;&nbsp;&nbsp;fnUSBMAIN_ReadFIFO
</UL>

<P><STRONG><a name="[5d]"></a>fnUSBMAIN_WriteFIFO</STRONG> (Thumb, 34 bytes, Stack size 0 bytes, usbhw.o(.text))
<BR><BR>[Called By]<UL><LI><a href="#[5e]">&gt;&gt;</a>&nbsp;&nbsp;&nbsp;USB_EPnWriteWordData
<LI><a href="#[5c]">&gt;&gt;</a>&nbsp;&nbsp;&nbsp;USB_EPnWriteByteData
<LI><a href="#[2d]">&gt;&gt;</a>&nbsp;&nbsp;&nbsp;USB_EPnINFunction
</UL>

<P><STRONG><a name="[5c]"></a>USB_EPnWriteByteData</STRONG> (Thumb, 70 bytes, Stack size 24 bytes, usbhw.o(.text), UNUSED)
<BR><BR>[Calls]<UL><LI><a href="#[5d]">&gt;&gt;</a>&nbsp;&nbsp;&nbsp;fnUSBMAIN_WriteFIFO
<LI><a href="#[5a]">&gt;&gt;</a>&nbsp;&nbsp;&nbsp;fnUSBMAIN_ReadFIFO
</UL>

<P><STRONG><a name="[5e]"></a>USB_EPnWriteWordData</STRONG> (Thumb, 34 bytes, Stack size 20 bytes, usbhw.o(.text), UNUSED)
<BR><BR>[Calls]<UL><LI><a href="#[5d]">&gt;&gt;</a>&nbsp;&nbsp;&nbsp;fnUSBMAIN_WriteFIFO
</UL>

<P><STRONG><a name="[72]"></a>fnUSBINT_ReadFIFO</STRONG> (Thumb, 42 bytes, Stack size 0 bytes, usbhw.o(.text))
<BR><BR>[Called By]<UL><LI><a href="#[46]">&gt;&gt;</a>&nbsp;&nbsp;&nbsp;USB_EP0SetupEvent
<LI><a href="#[48]">&gt;&gt;</a>&nbsp;&nbsp;&nbsp;USB_EP0OutEvent
</UL>

<P><STRONG><a name="[64]"></a>fnUSBINT_WriteFIFO</STRONG> (Thumb, 34 bytes, Stack size 0 bytes, usbhw.o(.text))
<BR><BR>[Called By]<UL><LI><a href="#[7f]">&gt;&gt;</a>&nbsp;&nbsp;&nbsp;HID_GetReportOutputEvent
<LI><a href="#[7b]">&gt;&gt;</a>&nbsp;&nbsp;&nbsp;HID_GetIdleEvent
<LI><a href="#[7a]">&gt;&gt;</a>&nbsp;&nbsp;&nbsp;HID_GetProtocolEvent
<LI><a href="#[6f]">&gt;&gt;</a>&nbsp;&nbsp;&nbsp;USB_GetStatusEvent
<LI><a href="#[69]">&gt;&gt;</a>&nbsp;&nbsp;&nbsp;USB_TableTransmit
<LI><a href="#[67]">&gt;&gt;</a>&nbsp;&nbsp;&nbsp;USB_GetConfigurationEvent
<LI><a href="#[63]">&gt;&gt;</a>&nbsp;&nbsp;&nbsp;USB_GetInterfaceEvent
<LI><a href="#[47]">&gt;&gt;</a>&nbsp;&nbsp;&nbsp;USB_EP0InEvent
</UL>

<P><STRONG><a name="[43]"></a>USB_ResetEvent</STRONG> (Thumb, 46 bytes, Stack size 8 bytes, usbuser.o(.text))
<BR><BR>[Stack]<UL><LI>Max Depth = 8<LI>Call Chain = USB_ResetEvent
</UL>
<BR>[Calls]<UL><LI><a href="#[5f]">&gt;&gt;</a>&nbsp;&nbsp;&nbsp;USB_EPnDisable
<LI><a href="#[49]">&gt;&gt;</a>&nbsp;&nbsp;&nbsp;USB_EPnStall
</UL>
<BR>[Called By]<UL><LI><a href="#[c]">&gt;&gt;</a>&nbsp;&nbsp;&nbsp;USB_IRQHandler
</UL>

<P><STRONG><a name="[44]"></a>USB_SuspendEvent</STRONG> (Thumb, 14 bytes, Stack size 0 bytes, usbuser.o(.text))
<BR><BR>[Called By]<UL><LI><a href="#[c]">&gt;&gt;</a>&nbsp;&nbsp;&nbsp;USB_IRQHandler
</UL>

<P><STRONG><a name="[45]"></a>USB_ResumeEvent</STRONG> (Thumb, 22 bytes, Stack size 0 bytes, usbuser.o(.text))
<BR><BR>[Called By]<UL><LI><a href="#[c]">&gt;&gt;</a>&nbsp;&nbsp;&nbsp;USB_IRQHandler
</UL>

<P><STRONG><a name="[42]"></a>USB_WakeupEvent</STRONG> (Thumb, 22 bytes, Stack size 0 bytes, usbuser.o(.text))
<BR><BR>[Called By]<UL><LI><a href="#[41]">&gt;&gt;</a>&nbsp;&nbsp;&nbsp;USB_ReturntoNormal
</UL>

<P><STRONG><a name="[52]"></a>USB_SOFEvent</STRONG> (Thumb, 10 bytes, Stack size 0 bytes, usbuser.o(.text))
<BR><BR>[Called By]<UL><LI><a href="#[c]">&gt;&gt;</a>&nbsp;&nbsp;&nbsp;USB_IRQHandler
</UL>

<P><STRONG><a name="[60]"></a>USB_SetInterfaceEvent</STRONG> (Thumb, 92 bytes, Stack size 16 bytes, usbuser.o(.text))
<BR><BR>[Stack]<UL><LI>Max Depth = 24<LI>Call Chain = USB_SetInterfaceEvent &rArr; USB_EPnAck
</UL>
<BR>[Calls]<UL><LI><a href="#[62]">&gt;&gt;</a>&nbsp;&nbsp;&nbsp;USB_EPnAck
<LI><a href="#[61]">&gt;&gt;</a>&nbsp;&nbsp;&nbsp;USB_ClrEPnToggle
<LI><a href="#[49]">&gt;&gt;</a>&nbsp;&nbsp;&nbsp;USB_EPnStall
</UL>
<BR>[Called By]<UL><LI><a href="#[70]">&gt;&gt;</a>&nbsp;&nbsp;&nbsp;USB_StandardRequest
</UL>

<P><STRONG><a name="[63]"></a>USB_GetInterfaceEvent</STRONG> (Thumb, 76 bytes, Stack size 8 bytes, usbuser.o(.text))
<BR><BR>[Stack]<UL><LI>Max Depth = 16<LI>Call Chain = USB_GetInterfaceEvent &rArr; USB_EPnAck
</UL>
<BR>[Calls]<UL><LI><a href="#[64]">&gt;&gt;</a>&nbsp;&nbsp;&nbsp;fnUSBINT_WriteFIFO
<LI><a href="#[62]">&gt;&gt;</a>&nbsp;&nbsp;&nbsp;USB_EPnAck
<LI><a href="#[49]">&gt;&gt;</a>&nbsp;&nbsp;&nbsp;USB_EPnStall
</UL>
<BR>[Called By]<UL><LI><a href="#[70]">&gt;&gt;</a>&nbsp;&nbsp;&nbsp;USB_StandardRequest
</UL>

<P><STRONG><a name="[65]"></a>USB_SetConfigurationEvent</STRONG> (Thumb, 190 bytes, Stack size 16 bytes, usbuser.o(.text))
<BR><BR>[Stack]<UL><LI>Max Depth = 24<LI>Call Chain = USB_SetConfigurationEvent &rArr; USB_EPnAck
</UL>
<BR>[Calls]<UL><LI><a href="#[62]">&gt;&gt;</a>&nbsp;&nbsp;&nbsp;USB_EPnAck
<LI><a href="#[66]">&gt;&gt;</a>&nbsp;&nbsp;&nbsp;USB_EPnNak
<LI><a href="#[5f]">&gt;&gt;</a>&nbsp;&nbsp;&nbsp;USB_EPnDisable
<LI><a href="#[49]">&gt;&gt;</a>&nbsp;&nbsp;&nbsp;USB_EPnStall
</UL>
<BR>[Called By]<UL><LI><a href="#[70]">&gt;&gt;</a>&nbsp;&nbsp;&nbsp;USB_StandardRequest
</UL>

<P><STRONG><a name="[67]"></a>USB_GetConfigurationEvent</STRONG> (Thumb, 72 bytes, Stack size 8 bytes, usbuser.o(.text))
<BR><BR>[Stack]<UL><LI>Max Depth = 16<LI>Call Chain = USB_GetConfigurationEvent &rArr; USB_EPnAck
</UL>
<BR>[Calls]<UL><LI><a href="#[64]">&gt;&gt;</a>&nbsp;&nbsp;&nbsp;fnUSBINT_WriteFIFO
<LI><a href="#[62]">&gt;&gt;</a>&nbsp;&nbsp;&nbsp;USB_EPnAck
<LI><a href="#[66]">&gt;&gt;</a>&nbsp;&nbsp;&nbsp;USB_EPnNak
</UL>
<BR>[Called By]<UL><LI><a href="#[70]">&gt;&gt;</a>&nbsp;&nbsp;&nbsp;USB_StandardRequest
</UL>

<P><STRONG><a name="[68]"></a>USB_SetDescriptorEvent</STRONG> (Thumb, 10 bytes, Stack size 8 bytes, usbuser.o(.text))
<BR><BR>[Stack]<UL><LI>Max Depth = 8<LI>Call Chain = USB_SetDescriptorEvent
</UL>
<BR>[Calls]<UL><LI><a href="#[49]">&gt;&gt;</a>&nbsp;&nbsp;&nbsp;USB_EPnStall
</UL>
<BR>[Called By]<UL><LI><a href="#[70]">&gt;&gt;</a>&nbsp;&nbsp;&nbsp;USB_StandardRequest
</UL>

<P><STRONG><a name="[6a]"></a>USB_Comb_Bytetoword</STRONG> (Thumb, 36 bytes, Stack size 20 bytes, usbuser.o(.text))
<BR><BR>[Stack]<UL><LI>Max Depth = 20<LI>Call Chain = USB_Comb_Bytetoword
</UL>
<BR>[Called By]<UL><LI><a href="#[69]">&gt;&gt;</a>&nbsp;&nbsp;&nbsp;USB_TableTransmit
</UL>

<P><STRONG><a name="[69]"></a>USB_TableTransmit</STRONG> (Thumb, 176 bytes, Stack size 24 bytes, usbuser.o(.text))
<BR><BR>[Stack]<UL><LI>Max Depth = 44<LI>Call Chain = USB_TableTransmit &rArr; USB_Comb_Bytetoword
</UL>
<BR>[Calls]<UL><LI><a href="#[6a]">&gt;&gt;</a>&nbsp;&nbsp;&nbsp;USB_Comb_Bytetoword
<LI><a href="#[64]">&gt;&gt;</a>&nbsp;&nbsp;&nbsp;fnUSBINT_WriteFIFO
<LI><a href="#[62]">&gt;&gt;</a>&nbsp;&nbsp;&nbsp;USB_EPnAck
</UL>
<BR>[Called By]<UL><LI><a href="#[6b]">&gt;&gt;</a>&nbsp;&nbsp;&nbsp;USB_GetDescriptorEvent
<LI><a href="#[47]">&gt;&gt;</a>&nbsp;&nbsp;&nbsp;USB_EP0InEvent
</UL>

<P><STRONG><a name="[6b]"></a>USB_GetDescriptorEvent</STRONG> (Thumb, 130 bytes, Stack size 16 bytes, usbuser.o(.text))
<BR><BR>[Stack]<UL><LI>Max Depth = 60<LI>Call Chain = USB_GetDescriptorEvent &rArr; USB_TableTransmit &rArr; USB_Comb_Bytetoword
</UL>
<BR>[Calls]<UL><LI><a href="#[69]">&gt;&gt;</a>&nbsp;&nbsp;&nbsp;USB_TableTransmit
<LI><a href="#[49]">&gt;&gt;</a>&nbsp;&nbsp;&nbsp;USB_EPnStall
</UL>
<BR>[Called By]<UL><LI><a href="#[70]">&gt;&gt;</a>&nbsp;&nbsp;&nbsp;USB_StandardRequest
</UL>

<P><STRONG><a name="[6c]"></a>USB_SetAddressEvent</STRONG> (Thumb, 78 bytes, Stack size 8 bytes, usbuser.o(.text))
<BR><BR>[Stack]<UL><LI>Max Depth = 16<LI>Call Chain = USB_SetAddressEvent &rArr; USB_EPnAck
</UL>
<BR>[Calls]<UL><LI><a href="#[62]">&gt;&gt;</a>&nbsp;&nbsp;&nbsp;USB_EPnAck
</UL>
<BR>[Called By]<UL><LI><a href="#[70]">&gt;&gt;</a>&nbsp;&nbsp;&nbsp;USB_StandardRequest
</UL>

<P><STRONG><a name="[6d]"></a>USB_SetFeatureEvent</STRONG> (Thumb, 178 bytes, Stack size 16 bytes, usbuser.o(.text))
<BR><BR>[Stack]<UL><LI>Max Depth = 24<LI>Call Chain = USB_SetFeatureEvent &rArr; USB_EPnAck
</UL>
<BR>[Calls]<UL><LI><a href="#[62]">&gt;&gt;</a>&nbsp;&nbsp;&nbsp;USB_EPnAck
<LI><a href="#[49]">&gt;&gt;</a>&nbsp;&nbsp;&nbsp;USB_EPnStall
</UL>
<BR>[Called By]<UL><LI><a href="#[70]">&gt;&gt;</a>&nbsp;&nbsp;&nbsp;USB_StandardRequest
</UL>

<P><STRONG><a name="[6e]"></a>USB_ClearFeatureEvent</STRONG> (Thumb, 184 bytes, Stack size 16 bytes, usbuser.o(.text))
<BR><BR>[Stack]<UL><LI>Max Depth = 24<LI>Call Chain = USB_ClearFeatureEvent &rArr; USB_EPnAck
</UL>
<BR>[Calls]<UL><LI><a href="#[62]">&gt;&gt;</a>&nbsp;&nbsp;&nbsp;USB_EPnAck
<LI><a href="#[49]">&gt;&gt;</a>&nbsp;&nbsp;&nbsp;USB_EPnStall
</UL>
<BR>[Called By]<UL><LI><a href="#[70]">&gt;&gt;</a>&nbsp;&nbsp;&nbsp;USB_StandardRequest
</UL>

<P><STRONG><a name="[6f]"></a>USB_GetStatusEvent</STRONG> (Thumb, 198 bytes, Stack size 16 bytes, usbuser.o(.text))
<BR><BR>[Stack]<UL><LI>Max Depth = 24<LI>Call Chain = USB_GetStatusEvent &rArr; USB_EPnAck
</UL>
<BR>[Calls]<UL><LI><a href="#[64]">&gt;&gt;</a>&nbsp;&nbsp;&nbsp;fnUSBINT_WriteFIFO
<LI><a href="#[62]">&gt;&gt;</a>&nbsp;&nbsp;&nbsp;USB_EPnAck
<LI><a href="#[49]">&gt;&gt;</a>&nbsp;&nbsp;&nbsp;USB_EPnStall
</UL>
<BR>[Called By]<UL><LI><a href="#[70]">&gt;&gt;</a>&nbsp;&nbsp;&nbsp;USB_StandardRequest
</UL>

<P><STRONG><a name="[70]"></a>USB_StandardRequest</STRONG> (Thumb, 98 bytes, Stack size 8 bytes, usbuser.o(.text))
<BR><BR>[Stack]<UL><LI>Max Depth = 68<LI>Call Chain = USB_StandardRequest &rArr; USB_GetDescriptorEvent &rArr; USB_TableTransmit &rArr; USB_Comb_Bytetoword
</UL>
<BR>[Calls]<UL><LI><a href="#[71]">&gt;&gt;</a>&nbsp;&nbsp;&nbsp;__ARM_common_switch8
<LI><a href="#[6f]">&gt;&gt;</a>&nbsp;&nbsp;&nbsp;USB_GetStatusEvent
<LI><a href="#[6e]">&gt;&gt;</a>&nbsp;&nbsp;&nbsp;USB_ClearFeatureEvent
<LI><a href="#[6d]">&gt;&gt;</a>&nbsp;&nbsp;&nbsp;USB_SetFeatureEvent
<LI><a href="#[6c]">&gt;&gt;</a>&nbsp;&nbsp;&nbsp;USB_SetAddressEvent
<LI><a href="#[6b]">&gt;&gt;</a>&nbsp;&nbsp;&nbsp;USB_GetDescriptorEvent
<LI><a href="#[68]">&gt;&gt;</a>&nbsp;&nbsp;&nbsp;USB_SetDescriptorEvent
<LI><a href="#[67]">&gt;&gt;</a>&nbsp;&nbsp;&nbsp;USB_GetConfigurationEvent
<LI><a href="#[65]">&gt;&gt;</a>&nbsp;&nbsp;&nbsp;USB_SetConfigurationEvent
<LI><a href="#[63]">&gt;&gt;</a>&nbsp;&nbsp;&nbsp;USB_GetInterfaceEvent
<LI><a href="#[60]">&gt;&gt;</a>&nbsp;&nbsp;&nbsp;USB_SetInterfaceEvent
<LI><a href="#[49]">&gt;&gt;</a>&nbsp;&nbsp;&nbsp;USB_EPnStall
</UL>
<BR>[Called By]<UL><LI><a href="#[46]">&gt;&gt;</a>&nbsp;&nbsp;&nbsp;USB_EP0SetupEvent
</UL>

<P><STRONG><a name="[46]"></a>USB_EP0SetupEvent</STRONG> (Thumb, 178 bytes, Stack size 16 bytes, usbuser.o(.text))
<BR><BR>[Stack]<UL><LI>Max Depth = 84<LI>Call Chain = USB_EP0SetupEvent &rArr; USB_StandardRequest &rArr; USB_GetDescriptorEvent &rArr; USB_TableTransmit &rArr; USB_Comb_Bytetoword
</UL>
<BR>[Calls]<UL><LI><a href="#[73]">&gt;&gt;</a>&nbsp;&nbsp;&nbsp;USB_HIDRequest
<LI><a href="#[70]">&gt;&gt;</a>&nbsp;&nbsp;&nbsp;USB_StandardRequest
<LI><a href="#[72]">&gt;&gt;</a>&nbsp;&nbsp;&nbsp;fnUSBINT_ReadFIFO
<LI><a href="#[66]">&gt;&gt;</a>&nbsp;&nbsp;&nbsp;USB_EPnNak
<LI><a href="#[49]">&gt;&gt;</a>&nbsp;&nbsp;&nbsp;USB_EPnStall
</UL>
<BR>[Called By]<UL><LI><a href="#[c]">&gt;&gt;</a>&nbsp;&nbsp;&nbsp;USB_IRQHandler
</UL>

<P><STRONG><a name="[47]"></a>USB_EP0InEvent</STRONG> (Thumb, 176 bytes, Stack size 8 bytes, usbuser.o(.text))
<BR><BR>[Stack]<UL><LI>Max Depth = 52<LI>Call Chain = USB_EP0InEvent &rArr; USB_TableTransmit &rArr; USB_Comb_Bytetoword
</UL>
<BR>[Calls]<UL><LI><a href="#[69]">&gt;&gt;</a>&nbsp;&nbsp;&nbsp;USB_TableTransmit
<LI><a href="#[74]">&gt;&gt;</a>&nbsp;&nbsp;&nbsp;Goto_Bootloader
<LI><a href="#[64]">&gt;&gt;</a>&nbsp;&nbsp;&nbsp;fnUSBINT_WriteFIFO
<LI><a href="#[49]">&gt;&gt;</a>&nbsp;&nbsp;&nbsp;USB_EPnStall
</UL>
<BR>[Called By]<UL><LI><a href="#[c]">&gt;&gt;</a>&nbsp;&nbsp;&nbsp;USB_IRQHandler
</UL>

<P><STRONG><a name="[48]"></a>USB_EP0OutEvent</STRONG> (Thumb, 206 bytes, Stack size 8 bytes, usbuser.o(.text))
<BR><BR>[Stack]<UL><LI>Max Depth = 16<LI>Call Chain = USB_EP0OutEvent &rArr; USB_EPnAck
</UL>
<BR>[Calls]<UL><LI><a href="#[72]">&gt;&gt;</a>&nbsp;&nbsp;&nbsp;fnUSBINT_ReadFIFO
<LI><a href="#[62]">&gt;&gt;</a>&nbsp;&nbsp;&nbsp;USB_EPnAck
</UL>
<BR>[Called By]<UL><LI><a href="#[c]">&gt;&gt;</a>&nbsp;&nbsp;&nbsp;USB_IRQHandler
</UL>

<P><STRONG><a name="[3e]"></a>USB_StandardVar_Init</STRONG> (Thumb, 70 bytes, Stack size 0 bytes, usbuser.o(.text))
<BR><BR>[Called By]<UL><LI><a href="#[37]">&gt;&gt;</a>&nbsp;&nbsp;&nbsp;USB_Init
</UL>

<P><STRONG><a name="[2d]"></a>USB_EPnINFunction</STRONG> (Thumb, 134 bytes, Stack size 32 bytes, usbepfunc.o(.text))
<BR><BR>[Stack]<UL><LI>Max Depth = 40<LI>Call Chain = USB_EPnINFunction &rArr; USB_EPnAck
</UL>
<BR>[Calls]<UL><LI><a href="#[5d]">&gt;&gt;</a>&nbsp;&nbsp;&nbsp;fnUSBMAIN_WriteFIFO
<LI><a href="#[62]">&gt;&gt;</a>&nbsp;&nbsp;&nbsp;USB_EPnAck
<LI><a href="#[49]">&gt;&gt;</a>&nbsp;&nbsp;&nbsp;USB_EPnStall
</UL>
<BR>[Called By]<UL><LI><a href="#[2f]">&gt;&gt;</a>&nbsp;&nbsp;&nbsp;releaseKeyCode
<LI><a href="#[2c]">&gt;&gt;</a>&nbsp;&nbsp;&nbsp;SendKeyCode
</UL>

<P><STRONG><a name="[b2]"></a>USB_Test</STRONG> (Thumb, 206 bytes, Stack size 0 bytes, usbepfunc.o(.text), UNUSED)

<P><STRONG><a name="[75]"></a>HID_SetProtocolEvent</STRONG> (Thumb, 96 bytes, Stack size 8 bytes, hiduser.o(.text))
<BR><BR>[Stack]<UL><LI>Max Depth = 16<LI>Call Chain = HID_SetProtocolEvent &rArr; USB_EPnAck
</UL>
<BR>[Calls]<UL><LI><a href="#[62]">&gt;&gt;</a>&nbsp;&nbsp;&nbsp;USB_EPnAck
<LI><a href="#[49]">&gt;&gt;</a>&nbsp;&nbsp;&nbsp;USB_EPnStall
</UL>
<BR>[Called By]<UL><LI><a href="#[73]">&gt;&gt;</a>&nbsp;&nbsp;&nbsp;USB_HIDRequest
</UL>

<P><STRONG><a name="[76]"></a>HID_SetIdleEvent</STRONG> (Thumb, 72 bytes, Stack size 8 bytes, hiduser.o(.text))
<BR><BR>[Stack]<UL><LI>Max Depth = 16<LI>Call Chain = HID_SetIdleEvent &rArr; USB_EPnAck
</UL>
<BR>[Calls]<UL><LI><a href="#[62]">&gt;&gt;</a>&nbsp;&nbsp;&nbsp;USB_EPnAck
<LI><a href="#[49]">&gt;&gt;</a>&nbsp;&nbsp;&nbsp;USB_EPnStall
</UL>
<BR>[Called By]<UL><LI><a href="#[73]">&gt;&gt;</a>&nbsp;&nbsp;&nbsp;USB_HIDRequest
</UL>

<P><STRONG><a name="[77]"></a>HID_SetReportFeatureEvent</STRONG> (Thumb, 18 bytes, Stack size 8 bytes, hiduser.o(.text))
<BR><BR>[Stack]<UL><LI>Max Depth = 16<LI>Call Chain = HID_SetReportFeatureEvent &rArr; USB_EPnAck
</UL>
<BR>[Calls]<UL><LI><a href="#[62]">&gt;&gt;</a>&nbsp;&nbsp;&nbsp;USB_EPnAck
</UL>
<BR>[Called By]<UL><LI><a href="#[79]">&gt;&gt;</a>&nbsp;&nbsp;&nbsp;HID_SetReportEvent
</UL>

<P><STRONG><a name="[78]"></a>HID_SetReportOutputEvent</STRONG> (Thumb, 40 bytes, Stack size 8 bytes, hiduser.o(.text))
<BR><BR>[Stack]<UL><LI>Max Depth = 16<LI>Call Chain = HID_SetReportOutputEvent &rArr; USB_EPnAck
</UL>
<BR>[Calls]<UL><LI><a href="#[62]">&gt;&gt;</a>&nbsp;&nbsp;&nbsp;USB_EPnAck
</UL>
<BR>[Called By]<UL><LI><a href="#[79]">&gt;&gt;</a>&nbsp;&nbsp;&nbsp;HID_SetReportEvent
</UL>

<P><STRONG><a name="[79]"></a>HID_SetReportEvent</STRONG> (Thumb, 64 bytes, Stack size 8 bytes, hiduser.o(.text))
<BR><BR>[Stack]<UL><LI>Max Depth = 24<LI>Call Chain = HID_SetReportEvent &rArr; HID_SetReportOutputEvent &rArr; USB_EPnAck
</UL>
<BR>[Calls]<UL><LI><a href="#[78]">&gt;&gt;</a>&nbsp;&nbsp;&nbsp;HID_SetReportOutputEvent
<LI><a href="#[77]">&gt;&gt;</a>&nbsp;&nbsp;&nbsp;HID_SetReportFeatureEvent
<LI><a href="#[49]">&gt;&gt;</a>&nbsp;&nbsp;&nbsp;USB_EPnStall
</UL>
<BR>[Called By]<UL><LI><a href="#[73]">&gt;&gt;</a>&nbsp;&nbsp;&nbsp;USB_HIDRequest
</UL>

<P><STRONG><a name="[7a]"></a>HID_GetProtocolEvent</STRONG> (Thumb, 82 bytes, Stack size 8 bytes, hiduser.o(.text))
<BR><BR>[Stack]<UL><LI>Max Depth = 16<LI>Call Chain = HID_GetProtocolEvent &rArr; USB_EPnAck
</UL>
<BR>[Calls]<UL><LI><a href="#[64]">&gt;&gt;</a>&nbsp;&nbsp;&nbsp;fnUSBINT_WriteFIFO
<LI><a href="#[62]">&gt;&gt;</a>&nbsp;&nbsp;&nbsp;USB_EPnAck
<LI><a href="#[49]">&gt;&gt;</a>&nbsp;&nbsp;&nbsp;USB_EPnStall
</UL>
<BR>[Called By]<UL><LI><a href="#[73]">&gt;&gt;</a>&nbsp;&nbsp;&nbsp;USB_HIDRequest
</UL>

<P><STRONG><a name="[7b]"></a>HID_GetIdleEvent</STRONG> (Thumb, 78 bytes, Stack size 8 bytes, hiduser.o(.text))
<BR><BR>[Stack]<UL><LI>Max Depth = 16<LI>Call Chain = HID_GetIdleEvent &rArr; USB_EPnAck
</UL>
<BR>[Calls]<UL><LI><a href="#[64]">&gt;&gt;</a>&nbsp;&nbsp;&nbsp;fnUSBINT_WriteFIFO
<LI><a href="#[62]">&gt;&gt;</a>&nbsp;&nbsp;&nbsp;USB_EPnAck
<LI><a href="#[49]">&gt;&gt;</a>&nbsp;&nbsp;&nbsp;USB_EPnStall
</UL>
<BR>[Called By]<UL><LI><a href="#[73]">&gt;&gt;</a>&nbsp;&nbsp;&nbsp;USB_HIDRequest
</UL>

<P><STRONG><a name="[7c]"></a>HID_GetReportInputIF2Event</STRONG> (Thumb, 32 bytes, Stack size 8 bytes, hiduser.o(.text))
<BR><BR>[Stack]<UL><LI>Max Depth = 16<LI>Call Chain = HID_GetReportInputIF2Event &rArr; USB_EPnAck
</UL>
<BR>[Calls]<UL><LI><a href="#[62]">&gt;&gt;</a>&nbsp;&nbsp;&nbsp;USB_EPnAck
</UL>
<BR>[Called By]<UL><LI><a href="#[81]">&gt;&gt;</a>&nbsp;&nbsp;&nbsp;HID_GetReportEvent
</UL>

<P><STRONG><a name="[7d]"></a>HID_GetReportInputIF1Event</STRONG> (Thumb, 32 bytes, Stack size 8 bytes, hiduser.o(.text))
<BR><BR>[Stack]<UL><LI>Max Depth = 16<LI>Call Chain = HID_GetReportInputIF1Event &rArr; USB_EPnAck
</UL>
<BR>[Calls]<UL><LI><a href="#[62]">&gt;&gt;</a>&nbsp;&nbsp;&nbsp;USB_EPnAck
</UL>
<BR>[Called By]<UL><LI><a href="#[81]">&gt;&gt;</a>&nbsp;&nbsp;&nbsp;HID_GetReportEvent
</UL>

<P><STRONG><a name="[7e]"></a>HID_GetReportFeatureEvent</STRONG> (Thumb, 12 bytes, Stack size 8 bytes, hiduser.o(.text))
<BR><BR>[Stack]<UL><LI>Max Depth = 16<LI>Call Chain = HID_GetReportFeatureEvent &rArr; USB_EPnAck
</UL>
<BR>[Calls]<UL><LI><a href="#[62]">&gt;&gt;</a>&nbsp;&nbsp;&nbsp;USB_EPnAck
</UL>
<BR>[Called By]<UL><LI><a href="#[81]">&gt;&gt;</a>&nbsp;&nbsp;&nbsp;HID_GetReportEvent
</UL>

<P><STRONG><a name="[7f]"></a>HID_GetReportOutputEvent</STRONG> (Thumb, 36 bytes, Stack size 8 bytes, hiduser.o(.text))
<BR><BR>[Stack]<UL><LI>Max Depth = 16<LI>Call Chain = HID_GetReportOutputEvent &rArr; USB_EPnAck
</UL>
<BR>[Calls]<UL><LI><a href="#[64]">&gt;&gt;</a>&nbsp;&nbsp;&nbsp;fnUSBINT_WriteFIFO
<LI><a href="#[62]">&gt;&gt;</a>&nbsp;&nbsp;&nbsp;USB_EPnAck
</UL>
<BR>[Called By]<UL><LI><a href="#[81]">&gt;&gt;</a>&nbsp;&nbsp;&nbsp;HID_GetReportEvent
</UL>

<P><STRONG><a name="[80]"></a>HID_GetReportInputEvent</STRONG> (Thumb, 32 bytes, Stack size 8 bytes, hiduser.o(.text))
<BR><BR>[Stack]<UL><LI>Max Depth = 16<LI>Call Chain = HID_GetReportInputEvent &rArr; USB_EPnAck
</UL>
<BR>[Calls]<UL><LI><a href="#[62]">&gt;&gt;</a>&nbsp;&nbsp;&nbsp;USB_EPnAck
</UL>
<BR>[Called By]<UL><LI><a href="#[81]">&gt;&gt;</a>&nbsp;&nbsp;&nbsp;HID_GetReportEvent
</UL>

<P><STRONG><a name="[81]"></a>HID_GetReportEvent</STRONG> (Thumb, 138 bytes, Stack size 8 bytes, hiduser.o(.text))
<BR><BR>[Stack]<UL><LI>Max Depth = 24<LI>Call Chain = HID_GetReportEvent &rArr; HID_GetReportInputEvent &rArr; USB_EPnAck
</UL>
<BR>[Calls]<UL><LI><a href="#[80]">&gt;&gt;</a>&nbsp;&nbsp;&nbsp;HID_GetReportInputEvent
<LI><a href="#[7f]">&gt;&gt;</a>&nbsp;&nbsp;&nbsp;HID_GetReportOutputEvent
<LI><a href="#[7e]">&gt;&gt;</a>&nbsp;&nbsp;&nbsp;HID_GetReportFeatureEvent
<LI><a href="#[7d]">&gt;&gt;</a>&nbsp;&nbsp;&nbsp;HID_GetReportInputIF1Event
<LI><a href="#[7c]">&gt;&gt;</a>&nbsp;&nbsp;&nbsp;HID_GetReportInputIF2Event
<LI><a href="#[49]">&gt;&gt;</a>&nbsp;&nbsp;&nbsp;USB_EPnStall
</UL>
<BR>[Called By]<UL><LI><a href="#[73]">&gt;&gt;</a>&nbsp;&nbsp;&nbsp;USB_HIDRequest
</UL>

<P><STRONG><a name="[73]"></a>USB_HIDRequest</STRONG> (Thumb, 74 bytes, Stack size 8 bytes, hiduser.o(.text))
<BR><BR>[Stack]<UL><LI>Max Depth = 32<LI>Call Chain = USB_HIDRequest &rArr; HID_GetReportEvent &rArr; HID_GetReportInputEvent &rArr; USB_EPnAck
</UL>
<BR>[Calls]<UL><LI><a href="#[81]">&gt;&gt;</a>&nbsp;&nbsp;&nbsp;HID_GetReportEvent
<LI><a href="#[7b]">&gt;&gt;</a>&nbsp;&nbsp;&nbsp;HID_GetIdleEvent
<LI><a href="#[7a]">&gt;&gt;</a>&nbsp;&nbsp;&nbsp;HID_GetProtocolEvent
<LI><a href="#[79]">&gt;&gt;</a>&nbsp;&nbsp;&nbsp;HID_SetReportEvent
<LI><a href="#[76]">&gt;&gt;</a>&nbsp;&nbsp;&nbsp;HID_SetIdleEvent
<LI><a href="#[75]">&gt;&gt;</a>&nbsp;&nbsp;&nbsp;HID_SetProtocolEvent
<LI><a href="#[71]">&gt;&gt;</a>&nbsp;&nbsp;&nbsp;__ARM_common_switch8
<LI><a href="#[49]">&gt;&gt;</a>&nbsp;&nbsp;&nbsp;USB_EPnStall
</UL>
<BR>[Called By]<UL><LI><a href="#[46]">&gt;&gt;</a>&nbsp;&nbsp;&nbsp;USB_EP0SetupEvent
</UL>

<P><STRONG><a name="[3f]"></a>USB_HidVar_Init</STRONG> (Thumb, 18 bytes, Stack size 0 bytes, hiduser.o(.text))
<BR><BR>[Called By]<UL><LI><a href="#[37]">&gt;&gt;</a>&nbsp;&nbsp;&nbsp;USB_Init
</UL>

<P><STRONG><a name="[5]"></a>Reset_Handler</STRONG> (Thumb, 4 bytes, Stack size 0 bytes, startup_sn32f240b.o(.text))
<BR>[Address Reference Count : 1]<UL><LI> startup_sn32f240b.o(RESET)
</UL>
<P><STRONG><a name="[6]"></a>NMI_Handler</STRONG> (Thumb, 2 bytes, Stack size 0 bytes, startup_sn32f240b.o(.text))
<BR><BR>[Calls]<UL><LI><a href="#[6]">&gt;&gt;</a>&nbsp;&nbsp;&nbsp;NMI_Handler
</UL>
<BR>[Called By]<UL><LI><a href="#[6]">&gt;&gt;</a>&nbsp;&nbsp;&nbsp;NMI_Handler
</UL>
<BR>[Address Reference Count : 1]<UL><LI> startup_sn32f240b.o(RESET)
</UL>
<P><STRONG><a name="[8]"></a>SVC_Handler</STRONG> (Thumb, 2 bytes, Stack size 0 bytes, startup_sn32f240b.o(.text))
<BR><BR>[Calls]<UL><LI><a href="#[8]">&gt;&gt;</a>&nbsp;&nbsp;&nbsp;SVC_Handler
</UL>
<BR>[Called By]<UL><LI><a href="#[8]">&gt;&gt;</a>&nbsp;&nbsp;&nbsp;SVC_Handler
</UL>
<BR>[Address Reference Count : 1]<UL><LI> startup_sn32f240b.o(RESET)
</UL>
<P><STRONG><a name="[9]"></a>PendSV_Handler</STRONG> (Thumb, 2 bytes, Stack size 0 bytes, startup_sn32f240b.o(.text))
<BR><BR>[Calls]<UL><LI><a href="#[9]">&gt;&gt;</a>&nbsp;&nbsp;&nbsp;PendSV_Handler
</UL>
<BR>[Called By]<UL><LI><a href="#[9]">&gt;&gt;</a>&nbsp;&nbsp;&nbsp;PendSV_Handler
</UL>
<BR>[Address Reference Count : 1]<UL><LI> startup_sn32f240b.o(RESET)
</UL>
<P><STRONG><a name="[14]"></a>ADC_IRQHandler</STRONG> (Thumb, 0 bytes, Stack size 0 bytes, startup_sn32f240b.o(.text))
<BR><BR>[Calls]<UL><LI><a href="#[14]">&gt;&gt;</a>&nbsp;&nbsp;&nbsp;ADC_IRQHandler
</UL>
<BR>[Called By]<UL><LI><a href="#[14]">&gt;&gt;</a>&nbsp;&nbsp;&nbsp;ADC_IRQHandler
</UL>
<BR>[Address Reference Count : 1]<UL><LI> startup_sn32f240b.o(RESET)
</UL>
<P><STRONG><a name="[12]"></a>CT16B0_IRQHandler</STRONG> (Thumb, 0 bytes, Stack size 0 bytes, startup_sn32f240b.o(.text))
<BR>[Address Reference Count : 1]<UL><LI> startup_sn32f240b.o(RESET)
</UL>
<P><STRONG><a name="[13]"></a>CT16B1_IRQHandler</STRONG> (Thumb, 0 bytes, Stack size 0 bytes, startup_sn32f240b.o(.text))
<BR>[Address Reference Count : 1]<UL><LI> startup_sn32f240b.o(RESET)
</UL>
<P><STRONG><a name="[e]"></a>I2C0_IRQHandler</STRONG> (Thumb, 0 bytes, Stack size 0 bytes, startup_sn32f240b.o(.text))
<BR>[Address Reference Count : 1]<UL><LI> startup_sn32f240b.o(RESET)
</UL>
<P><STRONG><a name="[16]"></a>LVD_IRQHandler</STRONG> (Thumb, 0 bytes, Stack size 0 bytes, startup_sn32f240b.o(.text))
<BR>[Address Reference Count : 1]<UL><LI> startup_sn32f240b.o(RESET)
</UL>
<P><STRONG><a name="[1a]"></a>P0_IRQHandler</STRONG> (Thumb, 0 bytes, Stack size 0 bytes, startup_sn32f240b.o(.text))
<BR>[Address Reference Count : 1]<UL><LI> startup_sn32f240b.o(RESET)
</UL>
<P><STRONG><a name="[19]"></a>P1_IRQHandler</STRONG> (Thumb, 0 bytes, Stack size 0 bytes, startup_sn32f240b.o(.text))
<BR>[Address Reference Count : 1]<UL><LI> startup_sn32f240b.o(RESET)
</UL>
<P><STRONG><a name="[18]"></a>P2_IRQHandler</STRONG> (Thumb, 0 bytes, Stack size 0 bytes, startup_sn32f240b.o(.text))
<BR>[Address Reference Count : 1]<UL><LI> startup_sn32f240b.o(RESET)
</UL>
<P><STRONG><a name="[17]"></a>P3_IRQHandler</STRONG> (Thumb, 0 bytes, Stack size 0 bytes, startup_sn32f240b.o(.text))
<BR>[Address Reference Count : 1]<UL><LI> startup_sn32f240b.o(RESET)
</UL>
<P><STRONG><a name="[d]"></a>SPI0_IRQHandler</STRONG> (Thumb, 0 bytes, Stack size 0 bytes, startup_sn32f240b.o(.text))
<BR>[Address Reference Count : 1]<UL><LI> startup_sn32f240b.o(RESET)
</UL>
<P><STRONG><a name="[f]"></a>UART0_IRQHandler</STRONG> (Thumb, 0 bytes, Stack size 0 bytes, startup_sn32f240b.o(.text))
<BR>[Address Reference Count : 1]<UL><LI> startup_sn32f240b.o(RESET)
</UL>
<P><STRONG><a name="[10]"></a>UART1_IRQHandler</STRONG> (Thumb, 0 bytes, Stack size 0 bytes, startup_sn32f240b.o(.text))
<BR>[Address Reference Count : 1]<UL><LI> startup_sn32f240b.o(RESET)
</UL>
<P><STRONG><a name="[11]"></a>UART2_IRQHandler</STRONG> (Thumb, 0 bytes, Stack size 0 bytes, startup_sn32f240b.o(.text))
<BR>[Address Reference Count : 1]<UL><LI> startup_sn32f240b.o(RESET)
</UL>
<P><STRONG><a name="[15]"></a>WDT_IRQHandler</STRONG> (Thumb, 0 bytes, Stack size 0 bytes, startup_sn32f240b.o(.text))
<BR>[Address Reference Count : 1]<UL><LI> startup_sn32f240b.o(RESET)
</UL>
<P><STRONG><a name="[83]"></a>__user_initial_stackheap</STRONG> (Thumb, 0 bytes, Stack size unknown bytes, startup_sn32f240b.o(.text))
<BR><BR>[Called By]<UL><LI><a href="#[22]">&gt;&gt;</a>&nbsp;&nbsp;&nbsp;__user_setup_stackheap
</UL>

<P><STRONG><a name="[34]"></a>SystemCoreClockUpdate</STRONG> (Thumb, 172 bytes, Stack size 8 bytes, system_sn32f240b.o(.text))
<BR><BR>[Stack]<UL><LI>Max Depth = 16<LI>Call Chain = SystemCoreClockUpdate &rArr; __ARM_common_switch8
</UL>
<BR>[Calls]<UL><LI><a href="#[3a]">&gt;&gt;</a>&nbsp;&nbsp;&nbsp;__aeabi_uidivmod
<LI><a href="#[71]">&gt;&gt;</a>&nbsp;&nbsp;&nbsp;__ARM_common_switch8
</UL>
<BR>[Called By]<UL><LI><a href="#[41]">&gt;&gt;</a>&nbsp;&nbsp;&nbsp;USB_ReturntoNormal
<LI><a href="#[37]">&gt;&gt;</a>&nbsp;&nbsp;&nbsp;USB_Init
<LI><a href="#[39]">&gt;&gt;</a>&nbsp;&nbsp;&nbsp;SysTick_Init
<LI><a href="#[26]">&gt;&gt;</a>&nbsp;&nbsp;&nbsp;main
</UL>

<P><STRONG><a name="[33]"></a>SystemInit</STRONG> (Thumb, 68 bytes, Stack size 0 bytes, system_sn32f240b.o(.text))
<BR><BR>[Called By]<UL><LI><a href="#[41]">&gt;&gt;</a>&nbsp;&nbsp;&nbsp;USB_ReturntoNormal
<LI><a href="#[37]">&gt;&gt;</a>&nbsp;&nbsp;&nbsp;USB_Init
<LI><a href="#[26]">&gt;&gt;</a>&nbsp;&nbsp;&nbsp;main
</UL>

<P><STRONG><a name="[b3]"></a>__aeabi_uidiv</STRONG> (Thumb, 0 bytes, Stack size 0 bytes, aeabi_sdiv.o(.text), UNUSED)

<P><STRONG><a name="[3a]"></a>__aeabi_uidivmod</STRONG> (Thumb, 20 bytes, Stack size 0 bytes, aeabi_sdiv.o(.text))
<BR><BR>[Called By]<UL><LI><a href="#[34]">&gt;&gt;</a>&nbsp;&nbsp;&nbsp;SystemCoreClockUpdate
<LI><a href="#[39]">&gt;&gt;</a>&nbsp;&nbsp;&nbsp;SysTick_Init
</UL>

<P><STRONG><a name="[b4]"></a>__aeabi_idiv</STRONG> (Thumb, 0 bytes, Stack size 8 bytes, aeabi_sdiv.o(.text), UNUSED)

<P><STRONG><a name="[b5]"></a>__aeabi_idivmod</STRONG> (Thumb, 326 bytes, Stack size 8 bytes, aeabi_sdiv.o(.text), UNUSED)

<P><STRONG><a name="[b6]"></a>__use_two_region_memory</STRONG> (Thumb, 2 bytes, Stack size 0 bytes, heapauxi.o(.text), UNUSED)

<P><STRONG><a name="[b7]"></a>__rt_heap_escrow$2region</STRONG> (Thumb, 2 bytes, Stack size 0 bytes, heapauxi.o(.text), UNUSED)

<P><STRONG><a name="[b8]"></a>__rt_heap_expand$2region</STRONG> (Thumb, 2 bytes, Stack size 0 bytes, heapauxi.o(.text), UNUSED)

<P><STRONG><a name="[22]"></a>__user_setup_stackheap</STRONG> (Thumb, 62 bytes, Stack size 8 bytes, sys_stackheap_outer.o(.text))
<BR><BR>[Stack]<UL><LI>Max Depth = 8 + Unknown Stack Size
<LI>Call Chain = __user_setup_stackheap
</UL>
<BR>[Calls]<UL><LI><a href="#[82]">&gt;&gt;</a>&nbsp;&nbsp;&nbsp;__user_perproc_libspace
<LI><a href="#[83]">&gt;&gt;</a>&nbsp;&nbsp;&nbsp;__user_initial_stackheap
</UL>
<BR>[Called By]<UL><LI><a href="#[21]">&gt;&gt;</a>&nbsp;&nbsp;&nbsp;__rt_entry_sh
</UL>

<P><STRONG><a name="[27]"></a>exit</STRONG> (Thumb, 16 bytes, Stack size 8 bytes, exit.o(.text))
<BR><BR>[Stack]<UL><LI>Max Depth = 8 + Unknown Stack Size
<LI>Call Chain = exit
</UL>
<BR>[Calls]<UL><LI><a href="#[85]">&gt;&gt;</a>&nbsp;&nbsp;&nbsp;__rt_exit
<LI><a href="#[84]">&gt;&gt;</a>&nbsp;&nbsp;&nbsp;_call_atexit_fns (Weak Reference)
</UL>
<BR>[Called By]<UL><LI><a href="#[25]">&gt;&gt;</a>&nbsp;&nbsp;&nbsp;__rt_entry_main
</UL>

<P><STRONG><a name="[b9]"></a>__user_libspace</STRONG> (Thumb, 8 bytes, Stack size 0 bytes, libspace.o(.text), UNUSED)

<P><STRONG><a name="[82]"></a>__user_perproc_libspace</STRONG> (Thumb, 0 bytes, Stack size 0 bytes, libspace.o(.text))
<BR><BR>[Called By]<UL><LI><a href="#[22]">&gt;&gt;</a>&nbsp;&nbsp;&nbsp;__user_setup_stackheap
</UL>

<P><STRONG><a name="[ba]"></a>__user_perthread_libspace</STRONG> (Thumb, 0 bytes, Stack size 0 bytes, libspace.o(.text), UNUSED)

<P><STRONG><a name="[2b]"></a>_sys_exit</STRONG> (Thumb, 8 bytes, Stack size 0 bytes, sys_exit.o(.text))
<BR><BR>[Called By]<UL><LI><a href="#[2a]">&gt;&gt;</a>&nbsp;&nbsp;&nbsp;__rt_exit_exit
</UL>

<P><STRONG><a name="[bb]"></a>__I$use$semihosting</STRONG> (Thumb, 0 bytes, Stack size 0 bytes, use_no_semi.o(.text), UNUSED)

<P><STRONG><a name="[bc]"></a>__use_no_semihosting_swi</STRONG> (Thumb, 2 bytes, Stack size 0 bytes, use_no_semi.o(.text), UNUSED)

<P><STRONG><a name="[71]"></a>__ARM_common_switch8</STRONG> (Thumb, 28 bytes, Stack size 8 bytes, usbuser.o(i.__ARM_common_switch8))
<BR><BR>[Stack]<UL><LI>Max Depth = 8<LI>Call Chain = __ARM_common_switch8
</UL>
<BR>[Called By]<UL><LI><a href="#[73]">&gt;&gt;</a>&nbsp;&nbsp;&nbsp;USB_HIDRequest
<LI><a href="#[70]">&gt;&gt;</a>&nbsp;&nbsp;&nbsp;USB_StandardRequest
<LI><a href="#[34]">&gt;&gt;</a>&nbsp;&nbsp;&nbsp;SystemCoreClockUpdate
</UL>

<P><STRONG><a name="[bd]"></a>__semihosting_library_function</STRONG> (Thumb, 0 bytes, Stack size 8 bytes, indicate_semi.o(.text), UNUSED)
<P>
<H3>
Local Symbols
</H3><P>
<H3>
Undefined Global Symbols
</H3>
<P><STRONG><a name="[84]"></a>_call_atexit_fns</STRONG> (ARM, 0 bytes, Stack size 0 bytes, UNDEFINED)
<BR><BR>[Called By]<UL><LI><a href="#[27]">&gt;&gt;</a>&nbsp;&nbsp;&nbsp;exit
</UL>
<HR></body></html>
